Microchip MPLAB XC8 Compiler V2.36

Linker command line:

-W-3 --edf=C:\Program Files\Microchip\xc8\v2.36\pic\dat\en_msgs.txt -cn \
  -h+dist/default/production\ProjetoFinal.X.production.sym \
  --cmf=dist/default/production\ProjetoFinal.X.production.cmf -z -Q16F1827 \
  -oC:\Users\ACTECN~1\AppData\Local\Temp\xcAsfrk.4 --defsym=__MPLAB_BUILD=1 \
  -Mdist/default/production/ProjetoFinal.X.production.map \
  --md=C:\Users\ACTECN~1\AppData\Local\Temp\xcAsfrk.dat -E1 \
  -ver=XC8 Compiler --acfsm=1493 -ACODE=00h-07FFhx2 -ASTRCODE=00h-0FFFh \
  -ASTRING=00h-0FFhx16 -ACONST=00h-0FFhx16 -AENTRY=00h-0FFhx16 \
  -ACOMMON=070h-07Fh -ABANK0=020h-06Fh -ABANK1=0A0h-0EFh \
  -ABANK2=0120h-016Fh -ABANK3=01A0h-01EFh -ABANK4=0220h-024Fh \
  -ABIGRAM=02000h-0216Fh \
  -ARAM=020h-06Fh,0A0h-0EFh,0120h-016Fh,01A0h-01EFh,0220h-024Fh \
  -AABS1=020h-07Fh,0A0h-0EFh,0120h-016Fh,01A0h-01EFh,0220h-024Fh \
  -ASFR0=00h-01Fh -ASFR1=080h-09Fh -ASFR2=0100h-011Fh -ASFR3=0180h-019Fh \
  -ASFR4=0200h-021Fh -ASFR5=0280h-02EFh -ASFR6=0300h-036Fh \
  -ASFR7=0380h-03EFh -ASFR8=0400h-046Fh -ASFR9=0480h-04EFh \
  -ASFR10=0500h-056Fh -ASFR11=0580h-05EFh -ASFR12=0600h-066Fh \
  -ASFR13=0680h-06EFh -ASFR14=0700h-076Fh -ASFR15=0780h-07EFh \
  -ASFR16=0800h-086Fh -ASFR17=0880h-08EFh -ASFR18=0900h-096Fh \
  -ASFR19=0980h-09EFh -ASFR20=0A00h-0A6Fh -ASFR21=0A80h-0AEFh \
  -ASFR22=0B00h-0B6Fh -ASFR23=0B80h-0BEFh -ASFR24=0C00h-0C6Fh \
  -ASFR25=0C80h-0CEFh -ASFR26=0D00h-0D6Fh -ASFR27=0D80h-0DEFh \
  -ASFR28=0E00h-0E6Fh -ASFR29=0E80h-0EEFh -ASFR30=0F00h-0F6Fh \
  -ASFR31=0F80h-0FEFh -ACONFIG=08007h-08008h -DCONFIG=2 \
  -AIDLOC=08000h-08003h -DIDLOC=2 -AEEDATA=00h-0FFh/0F000h \
  -peeprom_data=EEDATA -DEEDATA=2 -DCODE=2 -DSTRCODE=2 -DSTRING=2 -DCONST=2 \
  -DENTRY=2 -preset_vec=00h,intentry=04h,init,end_init -ppowerup=CODE \
  -pcinit=CODE -pfunctab=ENTRY -k \
  C:\Users\ACTECN~1\AppData\Local\Temp\xcAsfrk.o \
  dist/default/production\ProjetoFinal.X.production.o 

Object code version is 3.11

Machine type is 16F1827



                Name                               Link     Load   Length Selector   Space Scale
C:\Users\ACTECN~1\AppData\Local\Temp\xcAsfrk.o
                end_init                             49       49        2        8       0
                reset_vec                             0        0        2        0       0
                config                             8007     8007        2        0       4
                idloc                              8000     8000        4        0       5
dist/default/production\ProjetoFinal.X.production.o
                cinit                                4B       4B       10        8       0
                intentry                              4        4       45        8       0
                config                             8007     8007        2        0       4
                idloc                              8000     8000        4        0       5
                text49                              40F      40F       17        8       0
                text48                              243      243       44        8       0
                text47                              325      325       2B        8       0
                text46                              488      488        E        8       0
                text45                              3BE      3BE       20        8       0
                text44                               C6       C6       6B        8       0
                text43                              542      542        6      992       0
                text42                               5B       5B       6B        8       0
                text41                              53C      53C        6      992       0
                text40                              558      558        1      A98       0
                text39                              479      479        F        8       0
                text38                              131      131       64        8       0
                text37                              557      557        1      A98       0
                text36                              287      287       40        8       0
                text35                              46A      46A        F        8       0
                text34                              449      449       11        8       0
                text33                              556      556        1      A98       0
                text32                              4B0      4B0        D        8       0
                text31                              3F7      3F7       18        8       0
                text30                              555      555        1      A98       0
                text29                              4A3      4A3        D        8       0
                text28                              438      438       11        8       0
                text27                              496      496        D        8       0
                text25                              1EC      1EC       57        8       0
                text24                              4FD      4FD        8      992       0
                text23                              4D5      4D5        C      992       0
                text22                              4C9      4C9        C      992       0
                text21                              536      536        6      992       0
                text20                              530      530        6      992       0
                text19                              52A      52A        6      992       0
                text18                              378      378       25        8       0
                text17                              550      550        4      A98       0
                text16                              505      505        7      992       0
                text15                              524      524        6      992       0
                text14                              51E      51E        6      992       0
                text13                              2C7      2C7       31        8       0
                text12                              4EC      4EC        9      992       0
                text11                              4E1      4E1        B      992       0
                text10                              518      518        6      992       0
                text9                               426      426       12        8       0
                text8                               512      512        6      992       0
                text7                               3DE      3DE       19        8       0
                text6                               4F5      4F5        8      992       0
                text5                               54C      54C        4      A98       0
                text4                               350      350       28        8       0
                text3                               2F8      2F8       2D        8       0
                text2                               45A      45A       10        8       0
                text1                               195      195       57        8       0
                maintext                            39D      39D       21        8       0
                cstackBANK0                          31       31       11       20       1
                cstackCOMMON                         70       70        E       70       1
                clrtext                             50C      50C        6      992       0
                dataBANK0                            52       52        1       20       1
                bssBANK0                             20       20       11       20       1
                nvBANK0                              42       42       10       20       1
                stringtext2                         548      548        4      A90       0
                stringtext1                         4BD      4BD        C      97A       0
                idataBANK0                          554      554        1      A98       0

TOTAL           Name                               Link     Load   Length     Space
        CLASS   CODE           
                end_init                             49       49        2         0
                cinit                                4B       4B       10         0
                intentry                              4        4       45         0
                reset_vec                             0        0        2         0
                text49                              40F      40F       17         0
                text48                              243      243       44         0
                text47                              325      325       2B         0
                text46                              488      488        E         0
                text45                              3BE      3BE       20         0
                text44                               C6       C6       6B         0
                text43                              542      542        6         0
                text42                               5B       5B       6B         0
                text41                              53C      53C        6         0
                text40                              558      558        1         0
                text39                              479      479        F         0
                text38                              131      131       64         0
                text37                              557      557        1         0
                text36                              287      287       40         0
                text35                              46A      46A        F         0
                text34                              449      449       11         0
                text33                              556      556        1         0
                text32                              4B0      4B0        D         0
                text31                              3F7      3F7       18         0
                text30                              555      555        1         0
                text29                              4A3      4A3        D         0
                text28                              438      438       11         0
                text27                              496      496        D         0
                text25                              1EC      1EC       57         0
                text24                              4FD      4FD        8         0
                text23                              4D5      4D5        C         0
                text22                              4C9      4C9        C         0
                text21                              536      536        6         0
                text20                              530      530        6         0
                text19                              52A      52A        6         0
                text18                              378      378       25         0
                text17                              550      550        4         0
                text16                              505      505        7         0
                text15                              524      524        6         0
                text14                              51E      51E        6         0
                text13                              2C7      2C7       31         0
                text12                              4EC      4EC        9         0
                text11                              4E1      4E1        B         0
                text10                              518      518        6         0
                text9                               426      426       12         0
                text8                               512      512        6         0
                text7                               3DE      3DE       19         0
                text6                               4F5      4F5        8         0
                text5                               54C      54C        4         0
                text4                               350      350       28         0
                text3                               2F8      2F8       2D         0
                text2                               45A      45A       10         0
                text1                               195      195       57         0
                maintext                            39D      39D       21         0
                clrtext                             50C      50C        6         0
                idataBANK0                          554      554        1         0

        CLASS   STRCODE        
                stringtext2                         548      548        4         0
                stringtext1                         4BD      4BD        C         0

        CLASS   STRING         

        CLASS   CONST          

        CLASS   ENTRY          

        CLASS   COMMON         
                cstackCOMMON                         70       70        E         1

        CLASS   BANK0          
                cstackBANK0                          31       31       11         1
                dataBANK0                            52       52        1         1
                bssBANK0                             20       20       11         1
                nvBANK0                              42       42       10         1

        CLASS   BANK1          

        CLASS   BANK2          

        CLASS   BANK3          

        CLASS   BANK4          

        CLASS   BIGRAM         

        CLASS   RAM            

        CLASS   ABS1           
                abs_s1                               7E       7E        2         1

        CLASS   SFR0           

        CLASS   SFR1           

        CLASS   SFR2           

        CLASS   SFR3           

        CLASS   SFR4           

        CLASS   SFR5           

        CLASS   SFR6           

        CLASS   SFR7           

        CLASS   SFR8           

        CLASS   SFR9           

        CLASS   SFR10          

        CLASS   SFR11          

        CLASS   SFR12          

        CLASS   SFR13          

        CLASS   SFR14          

        CLASS   SFR15          

        CLASS   SFR16          

        CLASS   SFR17          

        CLASS   SFR18          

        CLASS   SFR19          

        CLASS   SFR20          

        CLASS   SFR21          

        CLASS   SFR22          

        CLASS   SFR23          

        CLASS   SFR24          

        CLASS   SFR25          

        CLASS   SFR26          

        CLASS   SFR27          

        CLASS   SFR28          

        CLASS   SFR29          

        CLASS   SFR30          

        CLASS   SFR31          

        CLASS   CONFIG         
                config                             8007     8007        2         4

        CLASS   IDLOC          
                idloc                              8000     8000        4         5

        CLASS   EEDATA         

        CLASS   BANK31         

        CLASS   BANK30         

        CLASS   BANK29         

        CLASS   BANK28         

        CLASS   BANK27         

        CLASS   BANK26         

        CLASS   BANK25         

        CLASS   BANK24         

        CLASS   BANK23         

        CLASS   BANK22         

        CLASS   BANK21         

        CLASS   BANK20         

        CLASS   BANK19         

        CLASS   BANK18         

        CLASS   BANK17         

        CLASS   BANK16         

        CLASS   BANK15         

        CLASS   BANK14         

        CLASS   BANK13         

        CLASS   BANK12         

        CLASS   BANK11         

        CLASS   BANK10         

        CLASS   BANK9          

        CLASS   BANK8          

        CLASS   BANK7          

        CLASS   BANK6          

        CLASS   BANK5          

        CLASS   HEAP           

        CLASS   STACK          



SEGMENTS        Name                           Load    Length   Top    Selector   Space  Class     Delta

                reset_vec                      000000  000002  000002         0       0  CODE        2
                intentry                       000004  0004B9  0004BD         8       0  CODE        2
                bssBANK0                       000020  000033  000053        20       1  BANK0       1
                cstackCOMMON                   000070  00000E  00007E        70       1  COMMON      1
                stringtext1                    0004BD  00000C  0004C9       97A       0  STRCODE     2
                text22                         0004C9  00007F  000548       992       0  CODE        2
                stringtext2                    000548  000004  00054C       A90       0  STRCODE     2
                text5                          00054C  00000D  000559       A98       0  CODE        2


UNUSED ADDRESS RANGES

        Name                Unused          Largest block    Delta
        BANK0            00053-0006F              1D           1
        BANK1            000A0-000EF              50           1
        BANK2            00120-0016F              50           1
        BANK3            001A0-001EF              50           1
        BANK4            00220-0024F              30           1
        BIGRAM           02000-0216F             170           1
        CODE             00002-00003               2           2
                         00559-00FFF             2A7
        CONST            00002-00003               2           2
                         00559-00FFF             100
        EEDATA           0F000-0F0FF             100           2
        ENTRY            00002-00003               2           2
                         00559-00FFF             100
        RAM              00053-0006F              1D           1
                         000A0-000EF              50
                         00120-0016F              50
                         001A0-001EF              50
                         00220-0024F              30
        SFR0             00000-0001F              20           1
        SFR1             00080-0009F              20           1
        SFR10            00500-0056F              70           1
        SFR11            00580-005EF              70           1
        SFR12            00600-0066F              70           1
        SFR13            00680-006EF              70           1
        SFR14            00700-0076F              70           1
        SFR15            00780-007EF              70           1
        SFR16            00800-0086F              70           1
        SFR17            00880-008EF              70           1
        SFR18            00900-0096F              70           1
        SFR19            00980-009EF              70           1
        SFR2             00100-0011F              20           1
        SFR20            00A00-00A6F              70           1
        SFR21            00A80-00AEF              70           1
        SFR22            00B00-00B6F              70           1
        SFR23            00B80-00BEF              70           1
        SFR24            00C00-00C6F              70           1
        SFR25            00C80-00CEF              70           1
        SFR26            00D00-00D6F              70           1
        SFR27            00D80-00DEF              70           1
        SFR28            00E00-00E6F              70           1
        SFR29            00E80-00EEF              70           1
        SFR3             00180-0019F              20           1
        SFR30            00F00-00F6F              70           1
        SFR31            00F80-00FEF              70           1
        SFR4             00200-0021F              20           1
        SFR5             00280-002EF              70           1
        SFR6             00300-0036F              70           1
        SFR7             00380-003EF              70           1
        SFR8             00400-0046F              70           1
        SFR9             00480-004EF              70           1
        STRCODE          00002-00003               2           2
                         00559-00FFF             AA7
        STRING           00002-00003               2           2
                         00559-00FFF             100

                                  Symbol Table

EUSART_SetErrorHandler@interruptHandler        cstackBANK0  00031
EUSART_SetFramingErrorHandler@interruptHandler cstackBANK0  00031
EUSART_SetOverrunErrorHandler@interruptHandler cstackBANK0  00031
IOCBF0_SetInterruptHandler@InterruptHandler    cstackBANK0  00031
IOCBF3_SetInterruptHandler@InterruptHandler    cstackBANK0  00031
PWM3_LoadDutyValue@dutyValue                   cstackCOMMON 00070
SPI1_ExchangeBlock@block                       cstackBANK0  00034
SPI1_ExchangeBlock@blockSize                   cstackBANK0  00031
SPI1_ExchangeBlock@data                        cstackBANK0  00035
SPI1_Open@spi1UniqueConfiguration              cstackBANK0  00034
TMR0_ISR@CountCallBack                         bssBANK0     00028
TMR0_SetInterruptHandler@InterruptHandler      cstackBANK0  00031
TMR1_SetInterruptHandler@InterruptHandler      cstackBANK0  00031
TMR1_WriteTimer@timerVal                       cstackCOMMON 00070
_ADCON0                                        (abs)        0009D
_ADCON0bits                                    (abs)        0009D
_ADCON1                                        (abs)        0009E
_ADC_Initialize                                text24       004FD
_ADRESH                                        (abs)        0009C
_ADRESL                                        (abs)        0009B
_ANSELA                                        (abs)        0018C
_ANSELB                                        (abs)        0018D
_APFCON0                                       (abs)        0011D
_APFCON1                                       (abs)        0011E
_BAUDCON                                       (abs)        0019F
_BORCON                                        (abs)        00116
_CCP3CON                                       (abs)        00313
_CCPR3H                                        (abs)        00312
_CCPR3L                                        (abs)        00311
_CCPTMRS0bits                                  (abs)        0029E
_CM1CON0                                       (abs)        00111
_CM1CON1                                       (abs)        00112
_CM2CON0                                       (abs)        00113
_CM2CON1                                       (abs)        00114
_CMOUTbits                                     (abs)        00115
_CMP1_ISR                                      text43       00542
_CMP1_Initialize                               text23       004D5
_CMP2_ISR                                      text41       0053C
_CMP2_Initialize                               text22       004C9
_EUSART_DefaultErrorHandler                    (abs)        00000
_EUSART_DefaultFramingErrorHandler             (abs)        00000
_EUSART_DefaultOverrunErrorHandler             (abs)        00000
_EUSART_ErrorHandler                           nvBANK0      00048
_EUSART_FramingErrorHandler                    nvBANK0      0004C
_EUSART_Initialize                             text18       00378
_EUSART_OverrunErrorHandler                    nvBANK0      0004A
_EUSART_SetErrorHandler                        text21       00536
_EUSART_SetFramingErrorHandler                 text20       00530
_EUSART_SetOverrunErrorHandler                 text19       0052A
_FVRCON                                        (abs)        00117
_FVRCONbits                                    (abs)        00117
_FVR_Initialize                                text17       00550
_INTCONbits                                    (abs)        0000B
_INTERRUPT_InterruptManager                    intentry     00004
_IOCBF0_DefaultInterruptHandler                text40       00558
_IOCBF0_ISR                                    text39       00479
_IOCBF0_InterruptHandler                       nvBANK0      00050
_IOCBF0_SetInterruptHandler                    text15       00524
_IOCBF3_DefaultInterruptHandler                text37       00557
_IOCBF3_ISR                                    text35       0046A
_IOCBF3_InterruptHandler                       nvBANK0      0004E
_IOCBF3_SetInterruptHandler                    text14       0051E
_IOCBFbits                                     (abs)        00396
_IOCBNbits                                     (abs)        00395
_IOCBPbits                                     (abs)        00394
_LATA                                          (abs)        0010C
_LATB                                          (abs)        0010D
_LATBbits                                      (abs)        0010D
_MatrixLed                                     bssBANK0     00020
_OPTION_REG                                    (abs)        00095
_OPTION_REGbits                                (abs)        00095
_OSCCON                                        (abs)        00099
_OSCILLATOR_Initialize                         text16       00505
_OSCTUNE                                       (abs)        00098
_PIE1bits                                      (abs)        00091
_PIE2bits                                      (abs)        00092
_PIN_MANAGER_IOC                               text34       00449
_PIN_MANAGER_Initialize                        text13       002C7
_PIR1bits                                      (abs)        00011
_PIR2bits                                      (abs)        00012
_PR2                                           (abs)        0001B
_PWM3_Initialize                               text12       004EC
_PWM3_LoadDutyValue                            text49       0040F
_RCREG                                         (abs)        00199
_RCSTA                                         (abs)        0019D
_RCSTAbits                                     (abs)        0019D
_SPBRGH                                        (abs)        0019C
_SPBRGL                                        (abs)        0019B
_SPI1_ExchangeBlock                            text3        002F8
_SPI1_Initialize                               text11       004E1
_SPI1_Open                                     text25       001EC
_SSP1ADD                                       (abs)        00212
_SSP1BUF                                       (abs)        00211
_SSP1CON1                                      (abs)        00215
_SSP1CON1bits                                  (abs)        00215
_SSP1CON2                                      (abs)        00216
_SSP1STAT                                      (abs)        00214
_SYSTEM_Initialize                             text4        00350
_T1CON                                         (abs)        00018
_T1CONbits                                     (abs)        00018
_T1GCON                                        (abs)        00019
_T1GCONbits                                    (abs)        00019
_T2CON                                         (abs)        0001C
_T2CONbits                                     (abs)        0001C
_TMR0                                          (abs)        00015
_TMR0_CallBack                                 text32       004B0
_TMR0_DefaultInterruptHandler                  text33       00556
_TMR0_ISR                                      text31       003F7
_TMR0_Initialize                               text9        00426
_TMR0_InterruptHandler                         nvBANK0      00042
_TMR0_SetInterruptHandler                      text10       00518
_TMR1H                                         (abs)        00017
_TMR1L                                         (abs)        00016
_TMR1_CallBack                                 text29       004A3
_TMR1_DefaultInterruptHandler                  text30       00555
_TMR1_ISR                                      text27       00496
_TMR1_Initialize                               text7        003DE
_TMR1_InterruptHandler                         nvBANK0      00044
_TMR1_SetInterruptHandler                      text8        00512
_TMR1_WriteTimer                               text28       00438
_TMR2                                          (abs)        0001A
_TMR2_Initialize                               text6        004F5
_TRISA                                         (abs)        0008C
_TRISB                                         (abs)        0008D
_TRISBbits                                     (abs)        0008D
_TXREG                                         (abs)        0019A
_TXSTA                                         (abs)        0019E
_TXSTAbits                                     (abs)        0019E
_WDTCON                                        (abs)        00097
_WDT_Initialize                                text5        0054C
_WPUA                                          (abs)        0020C
_WPUB                                          (abs)        0020D
__Habs1                                        abs1         00000
__Hbank0                                       bank0        00000
__Hbank1                                       bank1        00000
__Hbank10                                      bank10       00000
__Hbank11                                      bank11       00000
__Hbank12                                      bank12       00000
__Hbank13                                      bank13       00000
__Hbank14                                      bank14       00000
__Hbank15                                      bank15       00000
__Hbank16                                      bank16       00000
__Hbank17                                      bank17       00000
__Hbank18                                      bank18       00000
__Hbank19                                      bank19       00000
__Hbank2                                       bank2        00000
__Hbank20                                      bank20       00000
__Hbank21                                      bank21       00000
__Hbank22                                      bank22       00000
__Hbank23                                      bank23       00000
__Hbank24                                      bank24       00000
__Hbank25                                      bank25       00000
__Hbank26                                      bank26       00000
__Hbank27                                      bank27       00000
__Hbank28                                      bank28       00000
__Hbank29                                      bank29       00000
__Hbank3                                       bank3        00000
__Hbank30                                      bank30       00000
__Hbank31                                      bank31       00000
__Hbank4                                       bank4        00000
__Hbank5                                       bank5        00000
__Hbank6                                       bank6        00000
__Hbank7                                       bank7        00000
__Hbank8                                       bank8        00000
__Hbank9                                       bank9        00000
__Hbigram                                      bigram       00000
__HbssBANK0                                    bssBANK0     00000
__Hcinit                                       cinit        0005B
__Hclrtext                                     clrtext      00000
__Hcode                                        code         00000
__Hcommon                                      common       00000
__Hconfig                                      config       08009
__HcstackBANK0                                 cstackBANK0  00000
__HcstackCOMMON                                cstackCOMMON 00000
__HdataBANK0                                   dataBANK0    00000
__Heeprom_data                                 eeprom_data  00000
__Hend_init                                    end_init     0004B
__Hfunctab                                     functab      00000
__Hheap                                        heap         00000
__HidataBANK0                                  idataBANK0   00000
__Hidloc                                       idloc        08004
__Hinit                                        init         00049
__Hintentry                                    intentry     00049
__Hmaintext                                    maintext     00000
__HnvBANK0                                     nvBANK0      00000
__Hpowerup                                     powerup      00000
__Hram                                         ram          00000
__Hreset_vec                                   reset_vec    00002
__Hsfr0                                        sfr0         00000
__Hsfr1                                        sfr1         00000
__Hsfr10                                       sfr10        00000
__Hsfr11                                       sfr11        00000
__Hsfr12                                       sfr12        00000
__Hsfr13                                       sfr13        00000
__Hsfr14                                       sfr14        00000
__Hsfr15                                       sfr15        00000
__Hsfr16                                       sfr16        00000
__Hsfr17                                       sfr17        00000
__Hsfr18                                       sfr18        00000
__Hsfr19                                       sfr19        00000
__Hsfr2                                        sfr2         00000
__Hsfr20                                       sfr20        00000
__Hsfr21                                       sfr21        00000
__Hsfr22                                       sfr22        00000
__Hsfr23                                       sfr23        00000
__Hsfr24                                       sfr24        00000
__Hsfr25                                       sfr25        00000
__Hsfr26                                       sfr26        00000
__Hsfr27                                       sfr27        00000
__Hsfr28                                       sfr28        00000
__Hsfr29                                       sfr29        00000
__Hsfr3                                        sfr3         00000
__Hsfr30                                       sfr30        00000
__Hsfr31                                       sfr31        00000
__Hsfr4                                        sfr4         00000
__Hsfr5                                        sfr5         00000
__Hsfr6                                        sfr6         00000
__Hsfr7                                        sfr7         00000
__Hsfr8                                        sfr8         00000
__Hsfr9                                        sfr9         00000
__Hspace_0                                     (abs)        00559
__Hspace_1                                     (abs)        0007E
__Hspace_2                                     (abs)        00000
__Hspace_3                                     (abs)        00000
__Hspace_4                                     (abs)        10010
__Hstack                                       stack        00000
__Hstrings                                     strings      00000
__Hstringtext1                                 stringtext1  00000
__Hstringtext2                                 stringtext2  00000
__Htext                                        text         00000
__Labs1                                        abs1         00000
__Lbank0                                       bank0        00000
__Lbank1                                       bank1        00000
__Lbank10                                      bank10       00000
__Lbank11                                      bank11       00000
__Lbank12                                      bank12       00000
__Lbank13                                      bank13       00000
__Lbank14                                      bank14       00000
__Lbank15                                      bank15       00000
__Lbank16                                      bank16       00000
__Lbank17                                      bank17       00000
__Lbank18                                      bank18       00000
__Lbank19                                      bank19       00000
__Lbank2                                       bank2        00000
__Lbank20                                      bank20       00000
__Lbank21                                      bank21       00000
__Lbank22                                      bank22       00000
__Lbank23                                      bank23       00000
__Lbank24                                      bank24       00000
__Lbank25                                      bank25       00000
__Lbank26                                      bank26       00000
__Lbank27                                      bank27       00000
__Lbank28                                      bank28       00000
__Lbank29                                      bank29       00000
__Lbank3                                       bank3        00000
__Lbank30                                      bank30       00000
__Lbank31                                      bank31       00000
__Lbank4                                       bank4        00000
__Lbank5                                       bank5        00000
__Lbank6                                       bank6        00000
__Lbank7                                       bank7        00000
__Lbank8                                       bank8        00000
__Lbank9                                       bank9        00000
__Lbigram                                      bigram       00000
__LbssBANK0                                    bssBANK0     00000
__Lcinit                                       cinit        0004B
__Lclrtext                                     clrtext      00000
__Lcode                                        code         00000
__Lcommon                                      common       00000
__Lconfig                                      config       00000
__LcstackBANK0                                 cstackBANK0  00000
__LcstackCOMMON                                cstackCOMMON 00000
__LdataBANK0                                   dataBANK0    00000
__Leeprom_data                                 eeprom_data  00000
__Lend_init                                    end_init     00049
__Lfunctab                                     functab      00000
__Lheap                                        heap         00000
__LidataBANK0                                  idataBANK0   00000
__Lidloc                                       idloc        00000
__Linit                                        init         00049
__Lintentry                                    intentry     00004
__Lmaintext                                    maintext     00000
__LnvBANK0                                     nvBANK0      00000
__Lpowerup                                     powerup      00000
__Lram                                         ram          00000
__Lreset_vec                                   reset_vec    00000
__Lsfr0                                        sfr0         00000
__Lsfr1                                        sfr1         00000
__Lsfr10                                       sfr10        00000
__Lsfr11                                       sfr11        00000
__Lsfr12                                       sfr12        00000
__Lsfr13                                       sfr13        00000
__Lsfr14                                       sfr14        00000
__Lsfr15                                       sfr15        00000
__Lsfr16                                       sfr16        00000
__Lsfr17                                       sfr17        00000
__Lsfr18                                       sfr18        00000
__Lsfr19                                       sfr19        00000
__Lsfr2                                        sfr2         00000
__Lsfr20                                       sfr20        00000
__Lsfr21                                       sfr21        00000
__Lsfr22                                       sfr22        00000
__Lsfr23                                       sfr23        00000
__Lsfr24                                       sfr24        00000
__Lsfr25                                       sfr25        00000
__Lsfr26                                       sfr26        00000
__Lsfr27                                       sfr27        00000
__Lsfr28                                       sfr28        00000
__Lsfr29                                       sfr29        00000
__Lsfr3                                        sfr3         00000
__Lsfr30                                       sfr30        00000
__Lsfr31                                       sfr31        00000
__Lsfr4                                        sfr4         00000
__Lsfr5                                        sfr5         00000
__Lsfr6                                        sfr6         00000
__Lsfr7                                        sfr7         00000
__Lsfr8                                        sfr8         00000
__Lsfr9                                        sfr9         00000
__Lspace_0                                     (abs)        00000
__Lspace_1                                     (abs)        00000
__Lspace_2                                     (abs)        00000
__Lspace_3                                     (abs)        00000
__Lspace_4                                     (abs)        00000
__Lstack                                       stack        00000
__Lstrings                                     strings      00000
__Lstringtext1                                 stringtext1  00000
__Lstringtext2                                 stringtext2  00000
__Ltext                                        text         00000
__S0                                           (abs)        00559
__S1                                           (abs)        0007E
__S3                                           (abs)        00000
___heap_hi                                     (abs)        00000
___heap_lo                                     (abs)        00000
___int_sp                                      stack        00000
___latbits                                     (abs)        00001
___sp                                          stack        00000
___stackhi                                     (abs)        00000
___stacklo                                     (abs)        00000
__end_of_ADC_Initialize                        text24       00505
__end_of_CMP1_ISR                              text43       00548
__end_of_CMP1_Initialize                       text23       004E1
__end_of_CMP2_ISR                              text41       00542
__end_of_CMP2_Initialize                       text22       004D5
__end_of_EUSART_Initialize                     text18       0039D
__end_of_EUSART_SetErrorHandler                text21       0053C
__end_of_EUSART_SetFramingErrorHandler         text20       00536
__end_of_EUSART_SetOverrunErrorHandler         text19       00530
__end_of_FVR_Initialize                        text17       00554
__end_of_INTERRUPT_InterruptManager            intentry     00049
__end_of_IOCBF0_DefaultInterruptHandler        text40       00559
__end_of_IOCBF0_ISR                            text39       00488
__end_of_IOCBF0_SetInterruptHandler            text15       0052A
__end_of_IOCBF3_DefaultInterruptHandler        text37       00558
__end_of_IOCBF3_ISR                            text35       00479
__end_of_IOCBF3_SetInterruptHandler            text14       00524
__end_of_OSCILLATOR_Initialize                 text16       0050C
__end_of_PIN_MANAGER_IOC                       text34       0045A
__end_of_PIN_MANAGER_Initialize                text13       002F8
__end_of_PWM3_Initialize                       text12       004F5
__end_of_PWM3_LoadDutyValue                    text49       00426
__end_of_SPI1_ExchangeBlock                    text3        00325
__end_of_SPI1_Initialize                       text11       004EC
__end_of_SPI1_Open                             text25       00243
__end_of_SYSTEM_Initialize                     text4        00378
__end_of_TMR0_CallBack                         text32       004BD
__end_of_TMR0_DefaultInterruptHandler          text33       00557
__end_of_TMR0_ISR                              text31       0040F
__end_of_TMR0_Initialize                       text9        00438
__end_of_TMR0_SetInterruptHandler              text10       0051E
__end_of_TMR1_CallBack                         text29       004B0
__end_of_TMR1_DefaultInterruptHandler          text30       00556
__end_of_TMR1_ISR                              text27       004A3
__end_of_TMR1_Initialize                       text7        003F7
__end_of_TMR1_SetInterruptHandler              text8        00518
__end_of_TMR1_WriteTimer                       text28       00449
__end_of_TMR2_Initialize                       text6        004FD
__end_of_WDT_Initialize                        text5        00550
__end_of__initialization                       cinit        00057
__end_of_chegadaS1                             text36       002C7
__end_of_chegadaS2                             text38       00195
__end_of_chegadaS3                             text44       00131
__end_of_chegadaS4                             text42       000C6
__end_of_controleMovimento                     text48       00287
__end_of_initMatrix                            text1        001EC
__end_of_main                                  maintext     003BE
__end_of_matrixUpdate                          text45       003DE
__end_of_matrix_conf                           stringtext1  004C9
__end_of_spi1_configuration                    stringtext2  0054C
__end_of_txSpi                                 text2        0046A
__end_ofi1_SPI1_ExchangeBlock                  text47       00350
__end_ofi1_txSpi                               text46       00496
__initialization                               cinit        0004B
__pbssBANK0                                    bssBANK0     00020
__pcstackBANK0                                 cstackBANK0  00031
__pcstackCOMMON                                cstackCOMMON 00070
__pdataBANK0                                   dataBANK0    00052
__pidataBANK0                                  idataBANK0   00554
__pintentry                                    intentry     00004
__pmaintext                                    maintext     0039D
__pnvBANK0                                     nvBANK0      00042
__pstringtext1                                 stringtext1  004BD
__pstringtext2                                 stringtext2  00548
__ptext1                                       text1        00195
__ptext10                                      text10       00518
__ptext11                                      text11       004E1
__ptext12                                      text12       004EC
__ptext13                                      text13       002C7
__ptext14                                      text14       0051E
__ptext15                                      text15       00524
__ptext16                                      text16       00505
__ptext17                                      text17       00550
__ptext18                                      text18       00378
__ptext19                                      text19       0052A
__ptext2                                       text2        0045A
__ptext20                                      text20       00530
__ptext21                                      text21       00536
__ptext22                                      text22       004C9
__ptext23                                      text23       004D5
__ptext24                                      text24       004FD
__ptext25                                      text25       001EC
__ptext27                                      text27       00496
__ptext28                                      text28       00438
__ptext29                                      text29       004A3
__ptext3                                       text3        002F8
__ptext30                                      text30       00555
__ptext31                                      text31       003F7
__ptext32                                      text32       004B0
__ptext33                                      text33       00556
__ptext34                                      text34       00449
__ptext35                                      text35       0046A
__ptext36                                      text36       00287
__ptext37                                      text37       00557
__ptext38                                      text38       00131
__ptext39                                      text39       00479
__ptext4                                       text4        00350
__ptext40                                      text40       00558
__ptext41                                      text41       0053C
__ptext42                                      text42       0005B
__ptext43                                      text43       00542
__ptext44                                      text44       000C6
__ptext45                                      text45       003BE
__ptext46                                      text46       00488
__ptext47                                      text47       00325
__ptext48                                      text48       00243
__ptext49                                      text49       0040F
__ptext5                                       text5        0054C
__ptext6                                       text6        004F5
__ptext7                                       text7        003DE
__ptext8                                       text8        00512
__ptext9                                       text9        00426
_chegadaS1                                     text36       00287
_chegadaS2                                     text38       00131
_chegadaS3                                     text44       000C6
_chegadaS4                                     text42       0005B
_controleMovimento                             text48       00243
_destinoDesc                                   bssBANK0     0002F
_destinoSub                                    bssBANK0     00030
_eusartRxLastError                             bssBANK0     0002D
_initMatrix                                    text1        00195
_main                                          maintext     0039D
_matrixUpdate                                  text45       003BE
_matrix_conf                                   stringtext1  004BD
_mov                                           bssBANK0     0002E
_spi1_configuration                            stringtext2  00548
_subindo                                       dataBANK0    00052
_timer0ReloadVal                               bssBANK0     0002C
_timer1ReloadVal                               nvBANK0      00046
_txSpi                                         text2        0045A
btemp                                          (abs)        0007E
clear_ram0                                     clrtext      0050C
end_of_initialization                          cinit        00057
i1SPI1_ExchangeBlock@block                     cstackCOMMON 00073
i1SPI1_ExchangeBlock@blockSize                 cstackCOMMON 00070
i1SPI1_ExchangeBlock@data                      cstackCOMMON 00074
i1_SPI1_ExchangeBlock                          text47       00325
i1_txSpi                                       text46       00488
i1txSpi@data                                   cstackCOMMON 00077
i1txSpi@dataSize                               cstackCOMMON 00075
initMatrix@data                                cstackBANK0  0003A
initMatrix@i                                   cstackBANK0  0003F
initMatrix@i_1322                              cstackBANK0  00040
initMatrix@j                                   cstackBANK0  00041
initMatrix@k                                   cstackBANK0  0003E
int$flags                                      (abs)        0007E
intlevel0                                      functab      00000
intlevel1                                      functab      00000
intlevel2                                      functab      00000
intlevel3                                      functab      00000
intlevel4                                      functab      00000
intlevel5                                      functab      00000
matrixUpdate@data                              cstackCOMMON 00079
matrixUpdate@i                                 cstackCOMMON 0007B
reset_vec                                      reset_vec    00000
start                                          init         00049
start_initialization                           cinit        0004B
txSpi@data                                     cstackBANK0  00038
txSpi@dataSize                                 cstackBANK0  00036
wtemp0                                         (abs)        0007E


MODULE INFORMATION

Module		Function		Class		Link	Load	Size
mcc_generated_files/cmp1.c
		_CMP1_ISR      		CODE           	0542	0000	6
		_CMP1_Initialize		CODE           	04D5	0000	12

mcc_generated_files/cmp1.c estimated size: 18

mcc_generated_files/fvr.c
		_FVR_Initialize		CODE           	0550	0000	4

mcc_generated_files/fvr.c estimated size: 4

mcc_generated_files/tmr2.c
		_TMR2_Initialize		CODE           	04F5	0000	8

mcc_generated_files/tmr2.c estimated size: 8

mcc_generated_files/interrupt_manager.c
		_INTERRUPT_InterruptManager		CODE           	0004	0000	69

mcc_generated_files/interrupt_manager.c estimated size: 69

mcc_generated_files/tmr0.c
		_TMR0_SetInterruptHandler		CODE           	0518	0000	6
		_TMR0_DefaultInterruptHandler		CODE           	0556	0000	1
		_TMR0_CallBack 		CODE           	04B0	0000	13
		_TMR0_ISR      		CODE           	03F7	0000	24
		_TMR0_Initialize		CODE           	0426	0000	18

mcc_generated_files/tmr0.c estimated size: 62

mcc_generated_files/pin_manager.c
		_IOCBF3_DefaultInterruptHandler		CODE           	0557	0000	1
		_IOCBF0_ISR    		CODE           	0479	0000	15
		_PIN_MANAGER_Initialize		CODE           	02C7	0000	49
		_IOCBF3_ISR    		CODE           	046A	0000	15
		_IOCBF0_SetInterruptHandler		CODE           	0524	0000	6
		_IOCBF3_SetInterruptHandler		CODE           	051E	0000	6
		_PIN_MANAGER_IOC		CODE           	0449	0000	17
		_IOCBF0_DefaultInterruptHandler		CODE           	0558	0000	1

mcc_generated_files/pin_manager.c estimated size: 110

mcc_generated_files/spi1.c
		_SPI1_ExchangeBlock		CODE           	02F8	0000	45
		_SPI1_Open     		CODE           	01EC	0000	87
		_SPI1_Initialize		CODE           	04E1	0000	11

mcc_generated_files/spi1.c estimated size: 143

mcc_generated_files/adc.c
		_ADC_Initialize		CODE           	04FD	0000	8

mcc_generated_files/adc.c estimated size: 8

mcc_generated_files/cmp2.c
		_CMP2_ISR      		CODE           	053C	0000	6
		_CMP2_Initialize		CODE           	04C9	0000	12

mcc_generated_files/cmp2.c estimated size: 18

shared
		i1_txSpi       		CODE           	0488	0000	14
		__initialization		CODE           	004B	0000	12
		i1_SPI1_ExchangeBlock		CODE           	0325	0000	43
		_matrix_conf   		STRCODE        	04BD	0000	12
		_spi1_configuration		STRCODE        	0548	0000	4

shared estimated size: 85

mcc_generated_files/mcc.c
		_WDT_Initialize		CODE           	054C	0000	4
		_OSCILLATOR_Initialize		CODE           	0505	0000	7
		_SYSTEM_Initialize		CODE           	0350	0000	40

mcc_generated_files/mcc.c estimated size: 51

mcc_generated_files/pwm3.c
		_PWM3_Initialize		CODE           	04EC	0000	9
		_PWM3_LoadDutyValue		CODE           	040F	0000	23

mcc_generated_files/pwm3.c estimated size: 32

mcc_generated_files/tmr1.c
		_TMR1_Initialize		CODE           	03DE	0000	25
		_TMR1_SetInterruptHandler		CODE           	0512	0000	6
		_TMR1_DefaultInterruptHandler		CODE           	0555	0000	1
		_TMR1_CallBack 		CODE           	04A3	0000	13
		_TMR1_WriteTimer		CODE           	0438	0000	17
		_TMR1_ISR      		CODE           	0496	0000	13

mcc_generated_files/tmr1.c estimated size: 75

mcc_generated_files/eusart.c
		_EUSART_Initialize		CODE           	0378	0000	37
		_EUSART_SetFramingErrorHandler		CODE           	0530	0000	6
		_EUSART_SetErrorHandler		CODE           	0536	0000	6
		_EUSART_SetOverrunErrorHandler		CODE           	052A	0000	6

mcc_generated_files/eusart.c estimated size: 55

main.c
		_txSpi         		CODE           	045A	0000	16
		_main          		CODE           	039D	0000	33
		_chegadaS1     		CODE           	0287	0000	64
		_chegadaS2     		CODE           	0131	0000	100
		_chegadaS3     		CODE           	00C6	0000	107
		_chegadaS4     		CODE           	005B	0000	107
		_initMatrix    		CODE           	0195	0000	87
		_controleMovimento		CODE           	0243	0000	68
		_matrixUpdate  		CODE           	03BE	0000	32

main.c estimated size: 614

