Microchip MPLAB XC8 Compiler V2.41

Linker command line:

-W-3 \
  --edf=C:\Program Files\Microchip\xc8\v2.41\pic\dat\20230208172133_en.msgs \
  -cn -h+dist/default/production\ProjetoFinal.X.production.sym \
  --cmf=dist/default/production\ProjetoFinal.X.production.cmf -z -Q16F1827 \
  -oC:\Users\Victor\AppData\Local\Temp\xcAsglk.\driver_tmp_3.o \
  --defsym=__MPLAB_BUILD=1 --fixupoverflow=error \
  -Mdist/default/production/ProjetoFinal.X.production.map \
  --md=C:\Users\Victor\AppData\Local\Temp\xcAsglk.\driver_tmp_0.dat -E1 \
  -ver=XC8 Compiler --acfsm=1493 -ACODE=00h-07FFhx2 -ASTRCODE=00h-0FFFh \
  -ASTRING=00h-0FFhx16 -ACONST=00h-0FFhx16 -AENTRY=00h-0FFhx16 \
  -ACOMMON=070h-07Fh -ABANK0=020h-06Fh -ABANK1=0A0h-0EFh \
  -ABANK2=0120h-016Fh -ABANK3=01A0h-01EFh -ABANK4=0220h-024Fh \
  -ABIGRAM=02000h-0216Fh \
  -ARAM=020h-06Fh,0A0h-0EFh,0120h-016Fh,01A0h-01EFh,0220h-024Fh \
  -AABS1=020h-07Fh,0A0h-0EFh,0120h-016Fh,01A0h-01EFh,0220h-024Fh \
  -ASFR0=00h-01Fh -ASFR1=080h-09Fh -ASFR2=0100h-011Fh -ASFR3=0180h-019Fh \
  -ASFR4=0200h-021Fh -ASFR5=0280h-02EFh -ASFR6=0300h-036Fh \
  -ASFR7=0380h-03EFh -ASFR8=0400h-046Fh -ASFR9=0480h-04EFh \
  -ASFR10=0500h-056Fh -ASFR11=0580h-05EFh -ASFR12=0600h-066Fh \
  -ASFR13=0680h-06EFh -ASFR14=0700h-076Fh -ASFR15=0780h-07EFh \
  -ASFR16=0800h-086Fh -ASFR17=0880h-08EFh -ASFR18=0900h-096Fh \
  -ASFR19=0980h-09EFh -ASFR20=0A00h-0A6Fh -ASFR21=0A80h-0AEFh \
  -ASFR22=0B00h-0B6Fh -ASFR23=0B80h-0BEFh -ASFR24=0C00h-0C6Fh \
  -ASFR25=0C80h-0CEFh -ASFR26=0D00h-0D6Fh -ASFR27=0D80h-0DEFh \
  -ASFR28=0E00h-0E6Fh -ASFR29=0E80h-0EEFh -ASFR30=0F00h-0F6Fh \
  -ASFR31=0F80h-0FEFh -ACONFIG=08007h-08008h -DCONFIG=2 \
  -AIDLOC=08000h-08003h -DIDLOC=2 -AEEDATA=00h-0FFh/0F000h \
  -peeprom_data=EEDATA -DEEDATA=2 -DCODE=2 -DSTRCODE=2 -DSTRING=2 -DCONST=2 \
  -DENTRY=2 -preset_vec=00h,intentry=04h,init,end_init -ppowerup=CODE \
  -pcinit=CODE -pfunctab=ENTRY -k \
  C:\Users\Victor\AppData\Local\Temp\xcAsglk.\driver_tmp_15.o \
  dist/default/production\ProjetoFinal.X.production.o 

Object code version is 3.11

Machine type is 16F1827



                Name                               Link     Load   Length Selector   Space Scale
C:\Users\Victor\AppData\Local\Temp\xcAsglk.\driver_tmp_15.o
                end_init                             49       49        2        8       0
                reset_vec                             0        0        2        0       0
                config                             8007     8007        2        0       4
                idloc                              8000     8000        4        0       5
dist/default/production\ProjetoFinal.X.production.o
                cinit                                4B       4B       12        8       0
                intentry                              4        4       45        8       0
                config                             8007     8007        2        0       4
                idloc                              8000     8000        4        0       5
                text39                              273      273        3      4D0       0
                text38                              270      270        3      4D0       0
                text37                              279      279        1      4D0       0
                text36                              1BC      1BC        F        8       0
                text35                              278      278        1      4D0       0
                text34                              1AD      1AD        F        8       0
                text33                              18D      18D       11        8       0
                text32                              277      277        1      4D0       0
                text31                              1E5      1E5        D        8       0
                text30                              140      140       18        8       0
                text29                              276      276        1      4D0       0
                text28                              1D8      1D8        D        8       0
                text27                              17C      17C       11        8       0
                text26                              1CB      1CB        D        8       0
                text24                              19E      19E        F        8       0
                text23                              25F      25F        5        8       0
                text22                              226      226        8        8       0
                text21                              1FE      1FE        C        8       0
                text20                              1F2      1F2        C        8       0
                text19                              259      259        6        8       0
                text18                              253      253        6        8       0
                text17                              24D      24D        6        8       0
                text16                              107      107       21        8       0
                text15                              26C      26C        4      4D0       0
                text14                              22E      22E        7        8       0
                text13                              247      247        6        8       0
                text12                              241      241        6        8       0
                text11                               B0       B0       2F        8       0
                text10                              215      215        9        8       0
                text9                               20A      20A        B        8       0
                text8                               23B      23B        6        8       0
                text7                               16A      16A       12        8       0
                text6                               235      235        6        8       0
                text5                               128      128       18        8       0
                text4                               21E      21E        8        8       0
                text3                               268      268        4      4D0       0
                text2                                DF       DF       28        8       0
                text1                               158      158       12        8       0
                maintext                             5D       5D       53        8       0
                cstackBANK0                          33       33        2       20       1
                cstackCOMMON                         78       78        4       70       1
                bssBANK0                             2E       2E        5       20       1
                bssCOMMON                            70       70        8       70       1
                nvBANK0                              20       20        E       20       1
                stringtext1                         264      264        4      4C8       0

TOTAL           Name                               Link     Load   Length     Space
        CLASS   CODE           
                end_init                             49       49        2         0
                cinit                                4B       4B       12         0
                intentry                              4        4       45         0
                reset_vec                             0        0        2         0
                text39                              273      273        3         0
                text38                              270      270        3         0
                text37                              279      279        1         0
                text36                              1BC      1BC        F         0
                text35                              278      278        1         0
                text34                              1AD      1AD        F         0
                text33                              18D      18D       11         0
                text32                              277      277        1         0
                text31                              1E5      1E5        D         0
                text30                              140      140       18         0
                text29                              276      276        1         0
                text28                              1D8      1D8        D         0
                text27                              17C      17C       11         0
                text26                              1CB      1CB        D         0
                text24                              19E      19E        F         0
                text23                              25F      25F        5         0
                text22                              226      226        8         0
                text21                              1FE      1FE        C         0
                text20                              1F2      1F2        C         0
                text19                              259      259        6         0
                text18                              253      253        6         0
                text17                              24D      24D        6         0
                text16                              107      107       21         0
                text15                              26C      26C        4         0
                text14                              22E      22E        7         0
                text13                              247      247        6         0
                text12                              241      241        6         0
                text11                               B0       B0       2F         0
                text10                              215      215        9         0
                text9                               20A      20A        B         0
                text8                               23B      23B        6         0
                text7                               16A      16A       12         0
                text6                               235      235        6         0
                text5                               128      128       18         0
                text4                               21E      21E        8         0
                text3                               268      268        4         0
                text2                                DF       DF       28         0
                text1                               158      158       12         0
                maintext                             5D       5D       53         0

        CLASS   STRCODE        
                stringtext1                         264      264        4         0

        CLASS   STRING         

        CLASS   CONST          

        CLASS   ENTRY          

        CLASS   COMMON         
                cstackCOMMON                         78       78        4         1
                bssCOMMON                            70       70        8         1

        CLASS   BANK0          
                cstackBANK0                          33       33        2         1
                bssBANK0                             2E       2E        5         1
                nvBANK0                              20       20        E         1

        CLASS   BANK1          

        CLASS   BANK2          

        CLASS   BANK3          

        CLASS   BANK4          

        CLASS   BIGRAM         

        CLASS   RAM            

        CLASS   ABS1           
                abs_s1                               7E       7E        2         1

        CLASS   SFR0           

        CLASS   SFR1           

        CLASS   SFR2           

        CLASS   SFR3           

        CLASS   SFR4           

        CLASS   SFR5           

        CLASS   SFR6           

        CLASS   SFR7           

        CLASS   SFR8           

        CLASS   SFR9           

        CLASS   SFR10          

        CLASS   SFR11          

        CLASS   SFR12          

        CLASS   SFR13          

        CLASS   SFR14          

        CLASS   SFR15          

        CLASS   SFR16          

        CLASS   SFR17          

        CLASS   SFR18          

        CLASS   SFR19          

        CLASS   SFR20          

        CLASS   SFR21          

        CLASS   SFR22          

        CLASS   SFR23          

        CLASS   SFR24          

        CLASS   SFR25          

        CLASS   SFR26          

        CLASS   SFR27          

        CLASS   SFR28          

        CLASS   SFR29          

        CLASS   SFR30          

        CLASS   SFR31          

        CLASS   CONFIG         
                config                             8007     8007        2         4

        CLASS   IDLOC          
                idloc                              8000     8000        4         5

        CLASS   EEDATA         

        CLASS   BANK31         

        CLASS   BANK30         

        CLASS   BANK29         

        CLASS   BANK28         

        CLASS   BANK27         

        CLASS   BANK26         

        CLASS   BANK25         

        CLASS   BANK24         

        CLASS   BANK23         

        CLASS   BANK22         

        CLASS   BANK21         

        CLASS   BANK20         

        CLASS   BANK19         

        CLASS   BANK18         

        CLASS   BANK17         

        CLASS   BANK16         

        CLASS   BANK15         

        CLASS   BANK14         

        CLASS   BANK13         

        CLASS   BANK12         

        CLASS   BANK11         

        CLASS   BANK10         

        CLASS   BANK9          

        CLASS   BANK8          

        CLASS   BANK7          

        CLASS   BANK6          

        CLASS   BANK5          

        CLASS   HEAP           

        CLASS   STACK          



SEGMENTS        Name                           Load    Length   Top    Selector   Space  Class     Delta

                reset_vec                      000000  000002  000002         0       0  CODE        2
                intentry                       000004  000260  000264         8       0  CODE        2
                nvBANK0                        000020  000015  000035        20       1  BANK0       1
                bssCOMMON                      000070  00000C  00007C        70       1  COMMON      1
                stringtext1                    000264  000004  000268       4C8       0  STRCODE     2
                text3                          000268  000012  00027A       4D0       0  CODE        2


UNUSED ADDRESS RANGES

        Name                Unused          Largest block    Delta
        BANK0            00035-0006F              3B           1
        BANK1            000A0-000EF              50           1
        BANK2            00120-0016F              50           1
        BANK3            001A0-001EF              50           1
        BANK4            00220-0024F              30           1
        BIGRAM           02000-0216F             170           1
        CODE             00002-00003               2           2
                         0027A-00FFF             586
        COMMON           0007C-0007D               2           1
        CONST            00002-00003               2           2
                         0027A-00FFF             100
        EEDATA           0F000-0F0FF             100           2
        ENTRY            00002-00003               2           2
                         0027A-00FFF             100
        RAM              00035-0006F              3B           1
                         000A0-000EF              50
                         00120-0016F              50
                         001A0-001EF              50
                         00220-0024F              30
        SFR0             00000-0001F              20           1
        SFR1             00080-0009F              20           1
        SFR10            00500-0056F              70           1
        SFR11            00580-005EF              70           1
        SFR12            00600-0066F              70           1
        SFR13            00680-006EF              70           1
        SFR14            00700-0076F              70           1
        SFR15            00780-007EF              70           1
        SFR16            00800-0086F              70           1
        SFR17            00880-008EF              70           1
        SFR18            00900-0096F              70           1
        SFR19            00980-009EF              70           1
        SFR2             00100-0011F              20           1
        SFR20            00A00-00A6F              70           1
        SFR21            00A80-00AEF              70           1
        SFR22            00B00-00B6F              70           1
        SFR23            00B80-00BEF              70           1
        SFR24            00C00-00C6F              70           1
        SFR25            00C80-00CEF              70           1
        SFR26            00D00-00D6F              70           1
        SFR27            00D80-00DEF              70           1
        SFR28            00E00-00E6F              70           1
        SFR29            00E80-00EEF              70           1
        SFR3             00180-0019F              20           1
        SFR30            00F00-00F6F              70           1
        SFR31            00F80-00FEF              70           1
        SFR4             00200-0021F              20           1
        SFR5             00280-002EF              70           1
        SFR6             00300-0036F              70           1
        SFR7             00380-003EF              70           1
        SFR8             00400-0046F              70           1
        SFR9             00480-004EF              70           1
        STRCODE          00002-00003               2           2
                         0027A-00FFF             D86
        STRING           00002-00003               2           2
                         0027A-00FFF             100

                                  Symbol Table

EUSART_SetErrorHandler@interruptHandler        cstackCOMMON 0007A
EUSART_SetFramingErrorHandler@interruptHandler cstackCOMMON 0007A
EUSART_SetOverrunErrorHandler@interruptHandler cstackCOMMON 0007A
IOCBF0_SetInterruptHandler@InterruptHandler    cstackCOMMON 0007A
IOCBF3_SetInterruptHandler@InterruptHandler    cstackCOMMON 0007A
TMR0_ISR@CountCallBack                         bssBANK0     0002E
TMR0_SetInterruptHandler@InterruptHandler      cstackCOMMON 0007A
TMR1_SetInterruptHandler@InterruptHandler      cstackCOMMON 0007A
TMR1_WriteTimer@timerVal                       cstackCOMMON 00078
_ADCON0                                        (abs)        0009D
_ADCON0bits                                    (abs)        0009D
_ADCON1                                        (abs)        0009E
_ADC_Initialize                                text22       00226
_ADRESH                                        (abs)        0009C
_ADRESL                                        (abs)        0009B
_ANSELA                                        (abs)        0018C
_ANSELB                                        (abs)        0018D
_APFCON0                                       (abs)        0011D
_APFCON1                                       (abs)        0011E
_BAUDCON                                       (abs)        0019F
_BORCON                                        (abs)        00116
_CCP3CON                                       (abs)        00313
_CCPR3H                                        (abs)        00312
_CCPR3L                                        (abs)        00311
_CCPTMRS0bits                                  (abs)        0029E
_CM1CON0                                       (abs)        00111
_CM1CON1                                       (abs)        00112
_CM2CON0                                       (abs)        00113
_CM2CON1                                       (abs)        00114
_CMOUTbits                                     (abs)        00115
_CMP1_ISR                                      text39       00273
_CMP1_Initialize                               text21       001FE
_CMP2_ISR                                      text38       00270
_CMP2_Initialize                               text20       001F2
_EUSART_DefaultErrorHandler                    (abs)        00000
_EUSART_DefaultFramingErrorHandler             (abs)        00000
_EUSART_DefaultOverrunErrorHandler             (abs)        00000
_EUSART_ErrorHandler                           nvBANK0      00024
_EUSART_FramingErrorHandler                    nvBANK0      00028
_EUSART_Initialize                             text16       00107
_EUSART_OverrunErrorHandler                    nvBANK0      00026
_EUSART_Read                                   text24       0019E
_EUSART_SetErrorHandler                        text19       00259
_EUSART_SetFramingErrorHandler                 text18       00253
_EUSART_SetOverrunErrorHandler                 text17       0024D
_EUSART_is_rx_ready                            text23       0025F
_FVRCON                                        (abs)        00117
_FVRCONbits                                    (abs)        00117
_FVR_Initialize                                text15       0026C
_INTCONbits                                    (abs)        0000B
_INTERRUPT_InterruptManager                    intentry     00004
_IOCBF0_DefaultInterruptHandler                text37       00279
_IOCBF0_ISR                                    text36       001BC
_IOCBF0_InterruptHandler                       nvBANK0      0002C
_IOCBF0_SetInterruptHandler                    text13       00247
_IOCBF3_DefaultInterruptHandler                text35       00278
_IOCBF3_ISR                                    text34       001AD
_IOCBF3_InterruptHandler                       nvBANK0      0002A
_IOCBF3_SetInterruptHandler                    text12       00241
_IOCBFbits                                     (abs)        00396
_IOCBNbits                                     (abs)        00395
_IOCBPbits                                     (abs)        00394
_LATA                                          (abs)        0010C
_LATB                                          (abs)        0010D
_OPTION_REG                                    (abs)        00095
_OPTION_REGbits                                (abs)        00095
_OSCCON                                        (abs)        00099
_OSCILLATOR_Initialize                         text14       0022E
_OSCTUNE                                       (abs)        00098
_PIE1bits                                      (abs)        00091
_PIE2bits                                      (abs)        00092
_PIN_MANAGER_IOC                               text33       0018D
_PIN_MANAGER_Initialize                        text11       000B0
_PIR1bits                                      (abs)        00011
_PIR2bits                                      (abs)        00012
_PR2                                           (abs)        0001B
_PWM3_Initialize                               text10       00215
_RCREG                                         (abs)        00199
_RCSTA                                         (abs)        0019D
_RCSTAbits                                     (abs)        0019D
_RXaccepted                                    bssCOMMON    00073
_SPBRGH                                        (abs)        0019C
_SPBRGL                                        (abs)        0019B
_SPI1_Initialize                               text9        0020A
_SSP1ADD                                       (abs)        00212
_SSP1BUF                                       (abs)        00211
_SSP1CON1                                      (abs)        00215
_SSP1CON1bits                                  (abs)        00215
_SSP1CON2                                      (abs)        00216
_SSP1STAT                                      (abs)        00214
_SYSTEM_Initialize                             text2        000DF
_T1CON                                         (abs)        00018
_T1CONbits                                     (abs)        00018
_T1GCON                                        (abs)        00019
_T1GCONbits                                    (abs)        00019
_T2CON                                         (abs)        0001C
_T2CONbits                                     (abs)        0001C
_TMR0                                          (abs)        00015
_TMR0_CallBack                                 text31       001E5
_TMR0_DefaultInterruptHandler                  text32       00277
_TMR0_ISR                                      text30       00140
_TMR0_Initialize                               text7        0016A
_TMR0_InterruptHandler                         nvBANK0      00020
_TMR0_SetInterruptHandler                      text8        0023B
_TMR1H                                         (abs)        00017
_TMR1L                                         (abs)        00016
_TMR1_CallBack                                 text28       001D8
_TMR1_DefaultInterruptHandler                  text29       00276
_TMR1_ISR                                      text26       001CB
_TMR1_Initialize                               text5        00128
_TMR1_InterruptHandler                         nvBANK0      00022
_TMR1_SetInterruptHandler                      text6        00235
_TMR1_WriteTimer                               text27       0017C
_TMR2                                          (abs)        0001A
_TMR2_Initialize                               text4        0021E
_TRISA                                         (abs)        0008C
_TRISB                                         (abs)        0008D
_TRISBbits                                     (abs)        0008D
_TXREG                                         (abs)        0019A
_TXSTA                                         (abs)        0019E
_TXSTAbits                                     (abs)        0019E
_WDTCON                                        (abs)        00097
_WDT_Initialize                                text3        00268
_WPUA                                          (abs)        0020C
_WPUB                                          (abs)        0020D
__H__absolute__                                __absolute__ 00000
__Habs1                                        abs1         00000
__Hbank0                                       bank0        00000
__Hbank1                                       bank1        00000
__Hbank10                                      bank10       00000
__Hbank11                                      bank11       00000
__Hbank12                                      bank12       00000
__Hbank13                                      bank13       00000
__Hbank14                                      bank14       00000
__Hbank15                                      bank15       00000
__Hbank16                                      bank16       00000
__Hbank17                                      bank17       00000
__Hbank18                                      bank18       00000
__Hbank19                                      bank19       00000
__Hbank2                                       bank2        00000
__Hbank20                                      bank20       00000
__Hbank21                                      bank21       00000
__Hbank22                                      bank22       00000
__Hbank23                                      bank23       00000
__Hbank24                                      bank24       00000
__Hbank25                                      bank25       00000
__Hbank26                                      bank26       00000
__Hbank27                                      bank27       00000
__Hbank28                                      bank28       00000
__Hbank29                                      bank29       00000
__Hbank3                                       bank3        00000
__Hbank30                                      bank30       00000
__Hbank31                                      bank31       00000
__Hbank4                                       bank4        00000
__Hbank5                                       bank5        00000
__Hbank6                                       bank6        00000
__Hbank7                                       bank7        00000
__Hbank8                                       bank8        00000
__Hbank9                                       bank9        00000
__Hbigram                                      bigram       00000
__HbssBANK0                                    bssBANK0     00000
__HbssCOMMON                                   bssCOMMON    00000
__Hcinit                                       cinit        0005D
__Hclrtext                                     clrtext      00000
__Hcode                                        code         00000
__Hcommon                                      common       00000
__Hconfig                                      config       08009
__HcstackBANK0                                 cstackBANK0  00000
__HcstackCOMMON                                cstackCOMMON 00000
__Heeprom_data                                 eeprom_data  00000
__Hend_init                                    end_init     0004B
__Hfunctab                                     functab      00000
__Hheap                                        heap         00000
__Hidloc                                       idloc        08004
__Hinit                                        init         00049
__Hintentry                                    intentry     00049
__Hmaintext                                    maintext     00000
__HnvBANK0                                     nvBANK0      00000
__Hpowerup                                     powerup      00000
__Hram                                         ram          00000
__Hreset_vec                                   reset_vec    00002
__Hsfr0                                        sfr0         00000
__Hsfr1                                        sfr1         00000
__Hsfr10                                       sfr10        00000
__Hsfr11                                       sfr11        00000
__Hsfr12                                       sfr12        00000
__Hsfr13                                       sfr13        00000
__Hsfr14                                       sfr14        00000
__Hsfr15                                       sfr15        00000
__Hsfr16                                       sfr16        00000
__Hsfr17                                       sfr17        00000
__Hsfr18                                       sfr18        00000
__Hsfr19                                       sfr19        00000
__Hsfr2                                        sfr2         00000
__Hsfr20                                       sfr20        00000
__Hsfr21                                       sfr21        00000
__Hsfr22                                       sfr22        00000
__Hsfr23                                       sfr23        00000
__Hsfr24                                       sfr24        00000
__Hsfr25                                       sfr25        00000
__Hsfr26                                       sfr26        00000
__Hsfr27                                       sfr27        00000
__Hsfr28                                       sfr28        00000
__Hsfr29                                       sfr29        00000
__Hsfr3                                        sfr3         00000
__Hsfr30                                       sfr30        00000
__Hsfr31                                       sfr31        00000
__Hsfr4                                        sfr4         00000
__Hsfr5                                        sfr5         00000
__Hsfr6                                        sfr6         00000
__Hsfr7                                        sfr7         00000
__Hsfr8                                        sfr8         00000
__Hsfr9                                        sfr9         00000
__Hspace_0                                     (abs)        0027A
__Hspace_1                                     (abs)        0007C
__Hspace_2                                     (abs)        00000
__Hspace_3                                     (abs)        00000
__Hspace_4                                     (abs)        10010
__Hstack                                       stack        00000
__Hstrings                                     strings      00000
__Hstringtext1                                 stringtext1  00000
__Htext                                        text         00000
__L__absolute__                                __absolute__ 00000
__Labs1                                        abs1         00000
__Lbank0                                       bank0        00000
__Lbank1                                       bank1        00000
__Lbank10                                      bank10       00000
__Lbank11                                      bank11       00000
__Lbank12                                      bank12       00000
__Lbank13                                      bank13       00000
__Lbank14                                      bank14       00000
__Lbank15                                      bank15       00000
__Lbank16                                      bank16       00000
__Lbank17                                      bank17       00000
__Lbank18                                      bank18       00000
__Lbank19                                      bank19       00000
__Lbank2                                       bank2        00000
__Lbank20                                      bank20       00000
__Lbank21                                      bank21       00000
__Lbank22                                      bank22       00000
__Lbank23                                      bank23       00000
__Lbank24                                      bank24       00000
__Lbank25                                      bank25       00000
__Lbank26                                      bank26       00000
__Lbank27                                      bank27       00000
__Lbank28                                      bank28       00000
__Lbank29                                      bank29       00000
__Lbank3                                       bank3        00000
__Lbank30                                      bank30       00000
__Lbank31                                      bank31       00000
__Lbank4                                       bank4        00000
__Lbank5                                       bank5        00000
__Lbank6                                       bank6        00000
__Lbank7                                       bank7        00000
__Lbank8                                       bank8        00000
__Lbank9                                       bank9        00000
__Lbigram                                      bigram       00000
__LbssBANK0                                    bssBANK0     00000
__LbssCOMMON                                   bssCOMMON    00000
__Lcinit                                       cinit        0004B
__Lclrtext                                     clrtext      00000
__Lcode                                        code         00000
__Lcommon                                      common       00000
__Lconfig                                      config       00000
__LcstackBANK0                                 cstackBANK0  00000
__LcstackCOMMON                                cstackCOMMON 00000
__Leeprom_data                                 eeprom_data  00000
__Lend_init                                    end_init     00049
__Lfunctab                                     functab      00000
__Lheap                                        heap         00000
__Lidloc                                       idloc        00000
__Linit                                        init         00049
__Lintentry                                    intentry     00004
__Lmaintext                                    maintext     00000
__LnvBANK0                                     nvBANK0      00000
__Lpowerup                                     powerup      00000
__Lram                                         ram          00000
__Lreset_vec                                   reset_vec    00000
__Lsfr0                                        sfr0         00000
__Lsfr1                                        sfr1         00000
__Lsfr10                                       sfr10        00000
__Lsfr11                                       sfr11        00000
__Lsfr12                                       sfr12        00000
__Lsfr13                                       sfr13        00000
__Lsfr14                                       sfr14        00000
__Lsfr15                                       sfr15        00000
__Lsfr16                                       sfr16        00000
__Lsfr17                                       sfr17        00000
__Lsfr18                                       sfr18        00000
__Lsfr19                                       sfr19        00000
__Lsfr2                                        sfr2         00000
__Lsfr20                                       sfr20        00000
__Lsfr21                                       sfr21        00000
__Lsfr22                                       sfr22        00000
__Lsfr23                                       sfr23        00000
__Lsfr24                                       sfr24        00000
__Lsfr25                                       sfr25        00000
__Lsfr26                                       sfr26        00000
__Lsfr27                                       sfr27        00000
__Lsfr28                                       sfr28        00000
__Lsfr29                                       sfr29        00000
__Lsfr3                                        sfr3         00000
__Lsfr30                                       sfr30        00000
__Lsfr31                                       sfr31        00000
__Lsfr4                                        sfr4         00000
__Lsfr5                                        sfr5         00000
__Lsfr6                                        sfr6         00000
__Lsfr7                                        sfr7         00000
__Lsfr8                                        sfr8         00000
__Lsfr9                                        sfr9         00000
__Lspace_0                                     (abs)        00000
__Lspace_1                                     (abs)        00000
__Lspace_2                                     (abs)        00000
__Lspace_3                                     (abs)        00000
__Lspace_4                                     (abs)        00000
__Lstack                                       stack        00000
__Lstrings                                     strings      00000
__Lstringtext1                                 stringtext1  00000
__Ltext                                        text         00000
__S0                                           (abs)        0027A
__S1                                           (abs)        0007C
__S3                                           (abs)        00000
___heap_hi                                     (abs)        00000
___heap_lo                                     (abs)        00000
___int_sp                                      stack        00000
___latbits                                     (abs)        00001
___sp                                          stack        00000
___stackhi                                     (abs)        00000
___stacklo                                     (abs)        00000
__end_of_ADC_Initialize                        text22       0022E
__end_of_CMP1_ISR                              text39       00276
__end_of_CMP1_Initialize                       text21       0020A
__end_of_CMP2_ISR                              text38       00273
__end_of_CMP2_Initialize                       text20       001FE
__end_of_EUSART_Initialize                     text16       00128
__end_of_EUSART_Read                           text24       001AD
__end_of_EUSART_SetErrorHandler                text19       0025F
__end_of_EUSART_SetFramingErrorHandler         text18       00259
__end_of_EUSART_SetOverrunErrorHandler         text17       00253
__end_of_EUSART_is_rx_ready                    text23       00264
__end_of_FVR_Initialize                        text15       00270
__end_of_INTERRUPT_InterruptManager            intentry     00049
__end_of_IOCBF0_DefaultInterruptHandler        text37       0027A
__end_of_IOCBF0_ISR                            text36       001CB
__end_of_IOCBF0_SetInterruptHandler            text13       0024D
__end_of_IOCBF3_DefaultInterruptHandler        text35       00279
__end_of_IOCBF3_ISR                            text34       001BC
__end_of_IOCBF3_SetInterruptHandler            text12       00247
__end_of_OSCILLATOR_Initialize                 text14       00235
__end_of_PIN_MANAGER_IOC                       text33       0019E
__end_of_PIN_MANAGER_Initialize                text11       000DF
__end_of_PWM3_Initialize                       text10       0021E
__end_of_SPI1_Initialize                       text9        00215
__end_of_SYSTEM_Initialize                     text2        00107
__end_of_TMR0_CallBack                         text31       001F2
__end_of_TMR0_DefaultInterruptHandler          text32       00278
__end_of_TMR0_ISR                              text30       00158
__end_of_TMR0_Initialize                       text7        0017C
__end_of_TMR0_SetInterruptHandler              text8        00241
__end_of_TMR1_CallBack                         text28       001E5
__end_of_TMR1_DefaultInterruptHandler          text29       00277
__end_of_TMR1_ISR                              text26       001D8
__end_of_TMR1_Initialize                       text5        00140
__end_of_TMR1_SetInterruptHandler              text6        0023B
__end_of_TMR1_WriteTimer                       text27       0018D
__end_of_TMR2_Initialize                       text4        00226
__end_of_WDT_Initialize                        text3        0026C
__end_of__initialization                       cinit        00059
__end_of_isValidFloor                          text1        0016A
__end_of_main                                  maintext     000B0
__end_of_spi1_configuration                    stringtext1  00268
__initialization                               cinit        0004B
__pbssBANK0                                    bssBANK0     0002E
__pbssCOMMON                                   bssCOMMON    00070
__pcstackBANK0                                 cstackBANK0  00033
__pcstackCOMMON                                cstackCOMMON 00078
__pintentry                                    intentry     00004
__pmaintext                                    maintext     0005D
__pnvBANK0                                     nvBANK0      00020
__pstringtext1                                 stringtext1  00264
__ptext1                                       text1        00158
__ptext10                                      text10       00215
__ptext11                                      text11       000B0
__ptext12                                      text12       00241
__ptext13                                      text13       00247
__ptext14                                      text14       0022E
__ptext15                                      text15       0026C
__ptext16                                      text16       00107
__ptext17                                      text17       0024D
__ptext18                                      text18       00253
__ptext19                                      text19       00259
__ptext2                                       text2        000DF
__ptext20                                      text20       001F2
__ptext21                                      text21       001FE
__ptext22                                      text22       00226
__ptext23                                      text23       0025F
__ptext24                                      text24       0019E
__ptext26                                      text26       001CB
__ptext27                                      text27       0017C
__ptext28                                      text28       001D8
__ptext29                                      text29       00276
__ptext3                                       text3        00268
__ptext30                                      text30       00140
__ptext31                                      text31       001E5
__ptext32                                      text32       00277
__ptext33                                      text33       0018D
__ptext34                                      text34       001AD
__ptext35                                      text35       00278
__ptext36                                      text36       001BC
__ptext37                                      text37       00279
__ptext38                                      text38       00270
__ptext39                                      text39       00273
__ptext4                                       text4        0021E
__ptext5                                       text5        00128
__ptext6                                       text6        00235
__ptext7                                       text7        0016A
__ptext8                                       text8        0023B
__ptext9                                       text9        0020A
_destino                                       bssBANK0     00032
_eusartRxLastError                             bssCOMMON    00077
_isValidFloor                                  text1        00158
_isValidFloor$1228                             cstackCOMMON 0007A
_main                                          maintext     0005D
_origem                                        bssCOMMON    00072
_rxValue                                       bssCOMMON    00075
_spi1_configuration                            stringtext1  00264
_timer0ReloadVal                               bssCOMMON    00076
_timer1ReloadVal                               bssCOMMON    00070
_waitRX                                        bssCOMMON    00074
btemp                                          (abs)        0007E
end_of_initialization                          cinit        00059
int$flags                                      (abs)        0007E
intlevel0                                      functab      00000
intlevel1                                      functab      00000
intlevel2                                      functab      00000
intlevel3                                      functab      00000
intlevel4                                      functab      00000
intlevel5                                      functab      00000
isValidFloor@floor                             cstackCOMMON 0007B
reset_vec                                      reset_vec    00000
start                                          init         00049
start_initialization                           cinit        0004B
wtemp0                                         (abs)        0007E


MODULE INFORMATION

Module		Function		Class		Link	Load	Size
mcc_generated_files/cmp1.c
		_CMP1_ISR      		CODE           	0273	0000	3
		_CMP1_Initialize		CODE           	01FE	0000	12

mcc_generated_files/cmp1.c estimated size: 15

mcc_generated_files/fvr.c
		_FVR_Initialize		CODE           	026C	0000	4

mcc_generated_files/fvr.c estimated size: 4

mcc_generated_files/tmr2.c
		_TMR2_Initialize		CODE           	021E	0000	8

mcc_generated_files/tmr2.c estimated size: 8

mcc_generated_files/interrupt_manager.c
		_INTERRUPT_InterruptManager		CODE           	0004	0000	69

mcc_generated_files/interrupt_manager.c estimated size: 69

mcc_generated_files/tmr0.c
		_TMR0_SetInterruptHandler		CODE           	023B	0000	6
		_TMR0_DefaultInterruptHandler		CODE           	0277	0000	1
		_TMR0_CallBack 		CODE           	01E5	0000	13
		_TMR0_ISR      		CODE           	0140	0000	24
		_TMR0_Initialize		CODE           	016A	0000	18

mcc_generated_files/tmr0.c estimated size: 62

mcc_generated_files/pin_manager.c
		_IOCBF3_DefaultInterruptHandler		CODE           	0278	0000	1
		_IOCBF0_ISR    		CODE           	01BC	0000	15
		_PIN_MANAGER_Initialize		CODE           	00B0	0000	47
		_IOCBF3_ISR    		CODE           	01AD	0000	15
		_IOCBF0_SetInterruptHandler		CODE           	0247	0000	6
		_IOCBF3_SetInterruptHandler		CODE           	0241	0000	6
		_PIN_MANAGER_IOC		CODE           	018D	0000	17
		_IOCBF0_DefaultInterruptHandler		CODE           	0279	0000	1

mcc_generated_files/pin_manager.c estimated size: 108

mcc_generated_files/spi1.c
		_SPI1_Initialize		CODE           	020A	0000	11

mcc_generated_files/spi1.c estimated size: 11

mcc_generated_files/adc.c
		_ADC_Initialize		CODE           	0226	0000	8

mcc_generated_files/adc.c estimated size: 8

mcc_generated_files/cmp2.c
		_CMP2_ISR      		CODE           	0270	0000	3
		_CMP2_Initialize		CODE           	01F2	0000	12

mcc_generated_files/cmp2.c estimated size: 15

shared
		__initialization		CODE           	004B	0000	14
		_spi1_configuration		STRCODE        	0264	0000	4

shared estimated size: 18

mcc_generated_files/mcc.c
		_WDT_Initialize		CODE           	0268	0000	4
		_OSCILLATOR_Initialize		CODE           	022E	0000	7
		_SYSTEM_Initialize		CODE           	00DF	0000	40

mcc_generated_files/mcc.c estimated size: 51

mcc_generated_files/pwm3.c
		_PWM3_Initialize		CODE           	0215	0000	9

mcc_generated_files/pwm3.c estimated size: 9

mcc_generated_files/tmr1.c
		_TMR1_Initialize		CODE           	0128	0000	24
		_TMR1_SetInterruptHandler		CODE           	0235	0000	6
		_TMR1_DefaultInterruptHandler		CODE           	0276	0000	1
		_TMR1_CallBack 		CODE           	01D8	0000	13
		_TMR1_WriteTimer		CODE           	017C	0000	17
		_TMR1_ISR      		CODE           	01CB	0000	13

mcc_generated_files/tmr1.c estimated size: 74

mcc_generated_files/eusart.c
		_EUSART_Read   		CODE           	019E	0000	15
		_EUSART_Initialize		CODE           	0107	0000	33
		_EUSART_SetFramingErrorHandler		CODE           	0253	0000	6
		_EUSART_SetErrorHandler		CODE           	0259	0000	6
		_EUSART_SetOverrunErrorHandler		CODE           	024D	0000	6
		_EUSART_is_rx_ready		CODE           	025F	0000	5

mcc_generated_files/eusart.c estimated size: 71

main.c
		_isValidFloor  		CODE           	0158	0000	18
		_main          		CODE           	005D	0000	83

main.c estimated size: 101

