Microchip MPLAB XC8 Compiler V2.36

Linker command line:

-W-3 --edf=C:\Program Files\Microchip\xc8\v2.36\pic\dat\en_msgs.txt -cn \
  -h+dist/default/debug\ProjetoFinal.X.debug.sym \
  --cmf=dist/default/debug\ProjetoFinal.X.debug.cmf -z -Q16F1827 \
  -oC:\Users\ACTECN~1\AppData\Local\Temp\xcAs478.4 --defsym=__MPLAB_BUILD=1 \
  -Mdist/default/debug/ProjetoFinal.X.debug.map \
  --md=C:\Users\ACTECN~1\AppData\Local\Temp\xcAs478.dat -E1 \
  -ver=XC8 Compiler --acfsm=1493 -ACODE=00h-07FFhx2 -ASTRCODE=00h-0FFFh \
  -ASTRING=00h-0FFhx16 -ACONST=00h-0FFhx16 -AENTRY=00h-0FFhx16 \
  -ACOMMON=070h-07Fh -ABANK0=020h-06Fh -ABANK1=0A0h-0EFh \
  -ABANK2=0120h-016Fh -ABANK3=01A0h-01EFh -ABANK4=0220h-024Fh \
  -ABIGRAM=02000h-0216Fh \
  -ARAM=020h-06Fh,0A0h-0EFh,0120h-016Fh,01A0h-01EFh,0220h-024Fh \
  -AABS1=020h-07Fh,0A0h-0EFh,0120h-016Fh,01A0h-01EFh,0220h-024Fh \
  -ASFR0=00h-01Fh -ASFR1=080h-09Fh -ASFR2=0100h-011Fh -ASFR3=0180h-019Fh \
  -ASFR4=0200h-021Fh -ASFR5=0280h-02EFh -ASFR6=0300h-036Fh \
  -ASFR7=0380h-03EFh -ASFR8=0400h-046Fh -ASFR9=0480h-04EFh \
  -ASFR10=0500h-056Fh -ASFR11=0580h-05EFh -ASFR12=0600h-066Fh \
  -ASFR13=0680h-06EFh -ASFR14=0700h-076Fh -ASFR15=0780h-07EFh \
  -ASFR16=0800h-086Fh -ASFR17=0880h-08EFh -ASFR18=0900h-096Fh \
  -ASFR19=0980h-09EFh -ASFR20=0A00h-0A6Fh -ASFR21=0A80h-0AEFh \
  -ASFR22=0B00h-0B6Fh -ASFR23=0B80h-0BEFh -ASFR24=0C00h-0C6Fh \
  -ASFR25=0C80h-0CEFh -ASFR26=0D00h-0D6Fh -ASFR27=0D80h-0DEFh \
  -ASFR28=0E00h-0E6Fh -ASFR29=0E80h-0EEFh -ASFR30=0F00h-0F6Fh \
  -ASFR31=0F80h-0FEFh -ACONFIG=08007h-08008h -DCONFIG=2 \
  -AIDLOC=08000h-08003h -DIDLOC=2 -AEEDATA=00h-0FFh/0F000h \
  -peeprom_data=EEDATA -DEEDATA=2 -DCODE=2 -DSTRCODE=2 -DSTRING=2 -DCONST=2 \
  -DENTRY=2 -preset_vec=00h,intentry=04h,init,end_init -ppowerup=CODE \
  -pcinit=CODE -pfunctab=ENTRY -k \
  C:\Users\ACTECN~1\AppData\Local\Temp\xcAs478.o \
  dist/default/debug\ProjetoFinal.X.debug.o 

Object code version is 3.11

Machine type is 16F1827



                Name                               Link     Load   Length Selector   Space Scale
C:\Users\ACTECN~1\AppData\Local\Temp\xcAs478.o
                end_init                             56       56        2        8       0
                reset_vec                             0        0        2        0       0
                config                             8007     8007        2        0       4
                idloc                              8000     8000        4        0       5
dist/default/debug\ProjetoFinal.X.debug.o
                cinit                                58       58       18        8       0
                intentry                              4        4       52        8       0
                config                             8007     8007        2        0       4
                idloc                              8000     8000        4        0       5
                text63                              CD7      CD7        1     19AE       0
                text62                              E30      E30       16     1C60       0
                text61                              E5C      E5C       17     1CB8       0
                text60                              CDB      CDB        3     19B6       0
                text59                              CE9      CE9        5     19D2       0
                text58                              611      611       83        8       0
                text57                              CF3      CF3        6     19E6       0
                text56                              58E      58E       83        8       0
                text55                              CF9      CF9        6     19F2       0
                text54                              FB2      FB2       4E     1F64       0
                text53                              CD8      CD8        1     19B0       0
                text52                              DA8      DA8        F     1B50       0
                text51                              694      694       7A        8       0
                text50                              CD9      CD9        1     19B2       0
                text49                              DB7      DB7        F     1B6E       0
                text48                              DD5      DD5       11     1BAA       0
                text47                              7E5      7E5       1A        8       0
                text46                              D61      D61        A     1AC2       0
                text45                              EC3      EC3       23     1D86       0
                text44                               70       70      257        8       0
                text43                              70E      70E       75        8       0
                text42                              EA4      EA4       1F     1D48       0
                text41                              3B6      3B6       A4        8       0
                text40                              4FC      4FC       92        8       0
                text39                              2C7      2C7       EF        8       0
                text38                              CDA      CDA        1     19B4       0
                text37                              D8E      D8E        D     1B1C       0
                text36                              E73      E73       18     1CE6       0
                text35                              CDE      CDE        3     19BC       0
                text34                              783      783       62        8       0
                text33                                2        2        1        0       0
                text32                              D9B      D9B        D     1B36       0
                text31                              E46      E46       16     1C8C       0
                text29                              DC6      DC6        F     1B8C       0
                text28                              CEE      CEE        5     19DC       0
                text27                              D36      D36        8     1A6C       0
                text26                              CFF      CFF        6     19FE       0
                text25                              DE6      DE6       12     1BCC       0
                text24                              D76      D76        C     1AEC       0
                text23                              D82      D82        C     1B04       0
                text22                              D05      D05        6     1A0A       0
                text21                              D0B      D0B        6     1A16       0
                text20                              D11      D11        6     1A22       0
                text19                              EE6      EE6       25     1DCC       0
                text18                              CE1      CE1        4     19C2       0
                text17                              D2F      D2F        7     1A5E       0
                text16                              D46      D46        9     1A8C       0
                text15                              D4F      D4F        9     1A9E       0
                text14                              F39      F39       31     1E72       0
                text13                              D58      D58        9     1AB0       0
                text12                              D6B      D6B        B     1AD6       0
                text11                              D17      D17        6     1A2E       0
                text10                              E8B      E8B       19     1D16       0
                text9                               DF8      DF8       12     1BF0       0
                text8                               D3E      D3E        8     1A7C       0
                text7                               D1D      D1D        6     1A3A       0
                text6                               E0A      E0A       13     1C14       0
                text5                               CE5      CE5        4     19CA       0
                text4                               F0B      F0B       2E     1E16       0
                text3                               E1D      E1D       13     1C3A       0
                text2                               D23      D23        6     1A46       0
                text1                               F6A      F6A       48     1ED4       0
                maintext                            45A      45A       A2        8       0
                cstackBANK0                          20       20       26       20       1
                cstackCOMMON                         70       70        E       70       1
                cstackBANK1                          B8       B8        7       A0       1
                clrtext                             D29      D29        6     1A52       0
                bssBANK1                             AE       AE        A       A0       1
                dataBANK0                            6B       6B        1       20       1
                bssBANK0                             46       46       20       20       1
                nvBANK1                              A0       A0        E       A0       1
                nvBANK0                              66       66        5       20       1
                stringtext2                         80B      80B        4      FFE       0
                stringtext1                         7FF      7FF        C      FFE       0
                idataBANK0                            3        3        1        6       0

TOTAL           Name                               Link     Load   Length     Space
        CLASS   CODE           
                end_init                             56       56        2         0
                cinit                                58       58       18         0
                intentry                              4        4       52         0
                reset_vec                             0        0        2         0
                text63                              CD7      CD7        1         0
                text62                              E30      E30       16         0
                text61                              E5C      E5C       17         0
                text60                              CDB      CDB        3         0
                text59                              CE9      CE9        5         0
                text58                              611      611       83         0
                text57                              CF3      CF3        6         0
                text56                              58E      58E       83         0
                text55                              CF9      CF9        6         0
                text54                              FB2      FB2       4E         0
                text53                              CD8      CD8        1         0
                text52                              DA8      DA8        F         0
                text51                              694      694       7A         0
                text50                              CD9      CD9        1         0
                text49                              DB7      DB7        F         0
                text48                              DD5      DD5       11         0
                text47                              7E5      7E5       1A         0
                text46                              D61      D61        A         0
                text45                              EC3      EC3       23         0
                text44                               70       70      257         0
                text43                              70E      70E       75         0
                text42                              EA4      EA4       1F         0
                text41                              3B6      3B6       A4         0
                text40                              4FC      4FC       92         0
                text39                              2C7      2C7       EF         0
                text38                              CDA      CDA        1         0
                text37                              D8E      D8E        D         0
                text36                              E73      E73       18         0
                text35                              CDE      CDE        3         0
                text34                              783      783       62         0
                text33                                2        2        1         0
                text32                              D9B      D9B        D         0
                text31                              E46      E46       16         0
                text29                              DC6      DC6        F         0
                text28                              CEE      CEE        5         0
                text27                              D36      D36        8         0
                text26                              CFF      CFF        6         0
                text25                              DE6      DE6       12         0
                text24                              D76      D76        C         0
                text23                              D82      D82        C         0
                text22                              D05      D05        6         0
                text21                              D0B      D0B        6         0
                text20                              D11      D11        6         0
                text19                              EE6      EE6       25         0
                text18                              CE1      CE1        4         0
                text17                              D2F      D2F        7         0
                text16                              D46      D46        9         0
                text15                              D4F      D4F        9         0
                text14                              F39      F39       31         0
                text13                              D58      D58        9         0
                text12                              D6B      D6B        B         0
                text11                              D17      D17        6         0
                text10                              E8B      E8B       19         0
                text9                               DF8      DF8       12         0
                text8                               D3E      D3E        8         0
                text7                               D1D      D1D        6         0
                text6                               E0A      E0A       13         0
                text5                               CE5      CE5        4         0
                text4                               F0B      F0B       2E         0
                text3                               E1D      E1D       13         0
                text2                               D23      D23        6         0
                text1                               F6A      F6A       48         0
                maintext                            45A      45A       A2         0
                clrtext                             D29      D29        6         0
                idataBANK0                            3        3        1         0

        CLASS   STRCODE        
                stringtext2                         80B      80B        4         0
                stringtext1                         7FF      7FF        C         0

        CLASS   STRING         

        CLASS   CONST          

        CLASS   ENTRY          

        CLASS   COMMON         
                cstackCOMMON                         70       70        E         1

        CLASS   BANK0          
                cstackBANK0                          20       20       26         1
                dataBANK0                            6B       6B        1         1
                bssBANK0                             46       46       20         1
                nvBANK0                              66       66        5         1

        CLASS   BANK1          
                cstackBANK1                          B8       B8        7         1
                bssBANK1                             AE       AE        A         1
                nvBANK1                              A0       A0        E         1

        CLASS   BANK2          

        CLASS   BANK3          

        CLASS   BANK4          

        CLASS   BIGRAM         

        CLASS   RAM            

        CLASS   ABS1           
                abs_s1                               7E       7E        2         1

        CLASS   SFR0           

        CLASS   SFR1           

        CLASS   SFR2           

        CLASS   SFR3           

        CLASS   SFR4           

        CLASS   SFR5           

        CLASS   SFR6           

        CLASS   SFR7           

        CLASS   SFR8           

        CLASS   SFR9           

        CLASS   SFR10          

        CLASS   SFR11          

        CLASS   SFR12          

        CLASS   SFR13          

        CLASS   SFR14          

        CLASS   SFR15          

        CLASS   SFR16          

        CLASS   SFR17          

        CLASS   SFR18          

        CLASS   SFR19          

        CLASS   SFR20          

        CLASS   SFR21          

        CLASS   SFR22          

        CLASS   SFR23          

        CLASS   SFR24          

        CLASS   SFR25          

        CLASS   SFR26          

        CLASS   SFR27          

        CLASS   SFR28          

        CLASS   SFR29          

        CLASS   SFR30          

        CLASS   SFR31          

        CLASS   CONFIG         
                config                             8007     8007        2         4

        CLASS   IDLOC          
                idloc                              8000     8000        4         5

        CLASS   EEDATA         

        CLASS   BANK31         

        CLASS   BANK30         

        CLASS   BANK29         

        CLASS   BANK28         

        CLASS   BANK27         

        CLASS   BANK26         

        CLASS   BANK25         

        CLASS   BANK24         

        CLASS   BANK23         

        CLASS   BANK22         

        CLASS   BANK21         

        CLASS   BANK20         

        CLASS   BANK19         

        CLASS   BANK18         

        CLASS   BANK17         

        CLASS   BANK16         

        CLASS   BANK15         

        CLASS   BANK14         

        CLASS   BANK13         

        CLASS   BANK12         

        CLASS   BANK11         

        CLASS   BANK10         

        CLASS   BANK9          

        CLASS   BANK8          

        CLASS   BANK7          

        CLASS   BANK6          

        CLASS   BANK5          

        CLASS   HEAP           

        CLASS   STACK          



SEGMENTS        Name                           Load    Length   Top    Selector   Space  Class     Delta

                reset_vec                      000000  000003  000003         0       0  CODE        2
                idataBANK0                     000003  000001  000004         6       0  CODE        2
                intentry                       000004  0007FB  0007FF         8       0  CODE        2
                cstackBANK0                    000020  00004C  00006C        20       1  BANK0       1
                cstackCOMMON                   000070  00000E  00007E        70       1  COMMON      1
                nvBANK1                        0000A0  00001F  0000BF        A0       1  BANK1       1
                stringtext1                    0007FF  000010  00080F       FFE       0  STRCODE     2
                text63                         000CD7  000001  000CD8      19AE       0  CODE        2
                text53                         000CD8  000001  000CD9      19B0       0  CODE        2
                text50                         000CD9  000001  000CDA      19B2       0  CODE        2
                text38                         000CDA  000001  000CDB      19B4       0  CODE        2
                text60                         000CDB  000003  000CDE      19B6       0  CODE        2
                text35                         000CDE  000003  000CE1      19BC       0  CODE        2
                text18                         000CE1  000004  000CE5      19C2       0  CODE        2
                text5                          000CE5  000004  000CE9      19CA       0  CODE        2
                text59                         000CE9  000005  000CEE      19D2       0  CODE        2
                text28                         000CEE  000005  000CF3      19DC       0  CODE        2
                text57                         000CF3  000006  000CF9      19E6       0  CODE        2
                text55                         000CF9  000006  000CFF      19F2       0  CODE        2
                text26                         000CFF  000006  000D05      19FE       0  CODE        2
                text22                         000D05  000006  000D0B      1A0A       0  CODE        2
                text21                         000D0B  000006  000D11      1A16       0  CODE        2
                text20                         000D11  000006  000D17      1A22       0  CODE        2
                text11                         000D17  000006  000D1D      1A2E       0  CODE        2
                text7                          000D1D  000006  000D23      1A3A       0  CODE        2
                text2                          000D23  000006  000D29      1A46       0  CODE        2
                clrtext                        000D29  000006  000D2F      1A52       0  CODE        2
                text17                         000D2F  000007  000D36      1A5E       0  CODE        2
                text27                         000D36  000008  000D3E      1A6C       0  CODE        2
                text8                          000D3E  000008  000D46      1A7C       0  CODE        2
                text16                         000D46  000009  000D4F      1A8C       0  CODE        2
                text15                         000D4F  000009  000D58      1A9E       0  CODE        2
                text13                         000D58  000009  000D61      1AB0       0  CODE        2
                text46                         000D61  00000A  000D6B      1AC2       0  CODE        2
                text12                         000D6B  00000B  000D76      1AD6       0  CODE        2
                text24                         000D76  00000C  000D82      1AEC       0  CODE        2
                text23                         000D82  00000C  000D8E      1B04       0  CODE        2
                text37                         000D8E  00000D  000D9B      1B1C       0  CODE        2
                text32                         000D9B  00000D  000DA8      1B36       0  CODE        2
                text52                         000DA8  00000F  000DB7      1B50       0  CODE        2
                text49                         000DB7  00000F  000DC6      1B6E       0  CODE        2
                text29                         000DC6  00000F  000DD5      1B8C       0  CODE        2
                text48                         000DD5  000011  000DE6      1BAA       0  CODE        2
                text25                         000DE6  000012  000DF8      1BCC       0  CODE        2
                text9                          000DF8  000012  000E0A      1BF0       0  CODE        2
                text6                          000E0A  000013  000E1D      1C14       0  CODE        2
                text3                          000E1D  000013  000E30      1C3A       0  CODE        2
                text62                         000E30  000016  000E46      1C60       0  CODE        2
                text31                         000E46  000016  000E5C      1C8C       0  CODE        2
                text61                         000E5C  000017  000E73      1CB8       0  CODE        2
                text36                         000E73  000018  000E8B      1CE6       0  CODE        2
                text10                         000E8B  000019  000EA4      1D16       0  CODE        2
                text42                         000EA4  00001F  000EC3      1D48       0  CODE        2
                text45                         000EC3  000023  000EE6      1D86       0  CODE        2
                text19                         000EE6  000025  000F0B      1DCC       0  CODE        2
                text4                          000F0B  00002E  000F39      1E16       0  CODE        2
                text14                         000F39  000031  000F6A      1E72       0  CODE        2
                text1                          000F6A  000048  000FB2      1ED4       0  CODE        2
                text54                         000FB2  00004E  001000      1F64       0  CODE        2


UNUSED ADDRESS RANGES

        Name                Unused          Largest block    Delta
        BANK0            0006C-0006F               4           1
        BANK1            000BF-000EF              31           1
        BANK2            00120-0016F              50           1
        BANK3            001A0-001EF              50           1
        BANK4            00220-0024F              30           1
        BIGRAM           02000-0216F             170           1
        CODE             0080F-00CD6             4C8           2
        CONST            0080F-00CD6             100           2
        EEDATA           0F000-0F0FF             100           2
        ENTRY            0080F-00CD6             100           2
        RAM              0006C-0006F               4           1
                         000BF-000EF              31
                         00120-0016F              50
                         001A0-001EF              50
                         00220-0024F              30
        SFR0             00000-0001F              20           1
        SFR1             00080-0009F              20           1
        SFR10            00500-0056F              70           1
        SFR11            00580-005EF              70           1
        SFR12            00600-0066F              70           1
        SFR13            00680-006EF              70           1
        SFR14            00700-0076F              70           1
        SFR15            00780-007EF              70           1
        SFR16            00800-0086F              70           1
        SFR17            00880-008EF              70           1
        SFR18            00900-0096F              70           1
        SFR19            00980-009EF              70           1
        SFR2             00100-0011F              20           1
        SFR20            00A00-00A6F              70           1
        SFR21            00A80-00AEF              70           1
        SFR22            00B00-00B6F              70           1
        SFR23            00B80-00BEF              70           1
        SFR24            00C00-00C6F              70           1
        SFR25            00C80-00CEF              70           1
        SFR26            00D00-00D6F              70           1
        SFR27            00D80-00DEF              70           1
        SFR28            00E00-00E6F              70           1
        SFR29            00E80-00EEF              70           1
        SFR3             00180-0019F              20           1
        SFR30            00F00-00F6F              70           1
        SFR31            00F80-00FEF              70           1
        SFR4             00200-0021F              20           1
        SFR5             00280-002EF              70           1
        SFR6             00300-0036F              70           1
        SFR7             00380-003EF              70           1
        SFR8             00400-0046F              70           1
        SFR9             00480-004EF              70           1
        STRCODE          0080F-00CD6             4C8           2
        STRING           0080F-00CD6             100           2

                                  Symbol Table

?_ADC_GetConversion                            cstackCOMMON 00070
?__Umul8_16                                    cstackCOMMON 00070
?___flmul                                      cstackBANK0  00020
?___fltol                                      cstackBANK0  00035
?___wmul                                       cstackCOMMON 00074
?_bin2bcd                                      cstackCOMMON 0007A
ADC_GetConversion@channel                      cstackCOMMON 00073
CCP4_CaptureISR@module                         cstackCOMMON 00073
CCP4_DefaultCallBack@capturedValue             cstackCOMMON 00070
CCP4_SetCallBack@customCallBack                cstackBANK1  000B8
EUSART_SetErrorHandler@interruptHandler        cstackBANK1  000B8
EUSART_SetFramingErrorHandler@interruptHandler cstackBANK1  000B8
EUSART_SetOverrunErrorHandler@interruptHandler cstackBANK1  000B8
EUSART_Write@txData                            cstackCOMMON 00070
IOCBF0_SetInterruptHandler@InterruptHandler    cstackBANK1  000B8
IOCBF3_SetInterruptHandler@InterruptHandler    cstackBANK1  000B8
PWM3_LoadDutyValue@dutyValue                   cstackCOMMON 00070
TMR0_ISR@CountCallBack                         bssBANK0     00054
TMR0_SetInterruptHandler@InterruptHandler      cstackBANK1  000B8
TMR4_ISR@CountCallBack                         bssBANK0     00052
TMR4_SetInterruptHandler@InterruptHandler      cstackBANK1  000B8
TMR4_WriteTimer@timerVal                       cstackBANK1  000B8
_ADCON0                                        (abs)        0009D
_ADCON0bits                                    (abs)        0009D
_ADCON1                                        (abs)        0009E
_ADC_GetConversion                             text47       007E5
_ADC_Initialize                                text27       00D36
_ADRESH                                        (abs)        0009C
_ADRESL                                        (abs)        0009B
_ANSELA                                        (abs)        0018C
_ANSELB                                        (abs)        0018D
_APFCON0                                       (abs)        0011D
_APFCON1                                       (abs)        0011E
_BAUDCON                                       (abs)        0019F
_BORCON                                        (abs)        00116
_CCP3CON                                       (abs)        00313
_CCP4CON                                       (abs)        0031A
_CCP4_CallBack                                 nvBANK1      000A2
_CCP4_CaptureISR                               text62       00E30
_CCP4_DefaultCallBack                          text63       00CD7
_CCP4_Initialize                               text25       00DE6
_CCP4_SetCallBack                              text26       00CFF
_CCPR3H                                        (abs)        00312
_CCPR3L                                        (abs)        00311
_CCPR4H                                        (abs)        00319
_CCPR4L                                        (abs)        00318
_CCPTMRS0bits                                  (abs)        0029E
_CM1CON0                                       (abs)        00111
_CM1CON1                                       (abs)        00112
_CM2CON0                                       (abs)        00113
_CM2CON1                                       (abs)        00114
_CMOUTbits                                     (abs)        00115
_CMP1_ISR                                      text57       00CF3
_CMP1_Initialize                               text24       00D76
_CMP2_ISR                                      text55       00CF9
_CMP2_Initialize                               text23       00D82
_EUSART_DefaultErrorHandler                    (abs)        00000
_EUSART_DefaultFramingErrorHandler             (abs)        00000
_EUSART_DefaultOverrunErrorHandler             (abs)        00000
_EUSART_ErrorHandler                           nvBANK1      000A8
_EUSART_FramingErrorHandler                    nvBANK1      000AC
_EUSART_Initialize                             text19       00EE6
_EUSART_OverrunErrorHandler                    nvBANK1      000AA
_EUSART_Read                                   text29       00DC6
_EUSART_SetErrorHandler                        text22       00D05
_EUSART_SetFramingErrorHandler                 text21       00D0B
_EUSART_SetOverrunErrorHandler                 text20       00D11
_EUSART_Write                                  text46       00D61
_EUSART_is_rx_ready                            text28       00CEE
_FVRCON                                        (abs)        00117
_FVRCONbits                                    (abs)        00117
_FVR_Initialize                                text18       00CE1
_INTCONbits                                    (abs)        0000B
_INTERRUPT_InterruptManager                    intentry     00004
_IOCBF0_DefaultInterruptHandler                text53       00CD8
_IOCBF0_ISR                                    text52       00DA8
_IOCBF0_InterruptHandler                       nvBANK0      00068
_IOCBF0_SetInterruptHandler                    text16       00D46
_IOCBF3_DefaultInterruptHandler                text50       00CD9
_IOCBF3_ISR                                    text49       00DB7
_IOCBF3_InterruptHandler                       nvBANK0      00066
_IOCBF3_SetInterruptHandler                    text15       00D4F
_IOCBFbits                                     (abs)        00396
_IOCBNbits                                     (abs)        00395
_IOCBPbits                                     (abs)        00394
_LATA                                          (abs)        0010C
_LATAbits                                      (abs)        0010C
_LATB                                          (abs)        0010D
_LATBbits                                      (abs)        0010D
_MatrixLed                                     bssBANK0     00046
_OPTION_REG                                    (abs)        00095
_OPTION_REGbits                                (abs)        00095
_OSCCON                                        (abs)        00099
_OSCILLATOR_Initialize                         text17       00D2F
_OSCTUNE                                       (abs)        00098
_PIE2bits                                      (abs)        00092
_PIE3bits                                      (abs)        00093
_PIN_MANAGER_IOC                               text48       00DD5
_PIN_MANAGER_Initialize                        text14       00F39
_PIR1bits                                      (abs)        00011
_PIR2bits                                      (abs)        00012
_PIR3bits                                      (abs)        00013
_PR2                                           (abs)        0001B
_PR4                                           (abs)        00416
_PWM3_Initialize                               text13       00D58
_PWM3_LoadDutyValue                            text61       00E5C
_RCREG                                         (abs)        00199
_RCSTA                                         (abs)        0019D
_RCSTAbits                                     (abs)        0019D
_SPBRGH                                        (abs)        0019C
_SPBRGL                                        (abs)        0019B
_SPI1_Initialize                               text12       00D6B
_SSP1ADD                                       (abs)        00212
_SSP1BUF                                       (abs)        00211
_SSP1CON1                                      (abs)        00215
_SSP1CON1bits                                  (abs)        00215
_SSP1CON2                                      (abs)        00216
_SSP1STAT                                      (abs)        00214
_SYSTEM_Initialize                             text4        00F0B
_T1CON                                         (abs)        00018
_T1CONbits                                     (abs)        00018
_T1GCON                                        (abs)        00019
_T1GCONbits                                    (abs)        00019
_T2CON                                         (abs)        0001C
_T2CONbits                                     (abs)        0001C
_T4CON                                         (abs)        00417
_T4CONbits                                     (abs)        00417
_TMR0                                          (abs)        00015
_TMR0_CallBack                                 text37       00D8E
_TMR0_DefaultInterruptHandler                  text38       00CDA
_TMR0_ISR                                      text36       00E73
_TMR0_Initialize                               text10       00E8B
_TMR0_InterruptHandler                         nvBANK1      000A4
_TMR0_SetInterruptHandler                      text11       00D17
_TMR1H                                         (abs)        00017
_TMR1L                                         (abs)        00016
_TMR1_Initialize                               text9        00DF8
_TMR2                                          (abs)        0001A
_TMR2_Initialize                               text8        00D3E
_TMR4                                          (abs)        00415
_TMR4_CallBack                                 text32       00D9B
_TMR4_DefaultInterruptHandler                  text33       00002
_TMR4_ISR                                      text31       00E46
_TMR4_Initialize                               text6        00E0A
_TMR4_InterruptHandler                         nvBANK1      000A0
_TMR4_SetInterruptHandler                      text7        00D1D
_TMR4_StartTimer                               text60       00CDB
_TMR4_StopTimer                                text35       00CDE
_TMR4_WriteTimer                               text2        00D23
_TRISA                                         (abs)        0008C
_TRISB                                         (abs)        0008D
_TRISBbits                                     (abs)        0008D
_TXREG                                         (abs)        0019A
_TXSTA                                         (abs)        0019E
_TXSTAbits                                     (abs)        0019E
_WDTCON                                        (abs)        00097
_WDT_Initialize                                text5        00CE5
_WPUA                                          (abs)        0020C
_WPUB                                          (abs)        0020D
__Habs1                                        abs1         00000
__Hbank0                                       bank0        00000
__Hbank1                                       bank1        00000
__Hbank10                                      bank10       00000
__Hbank11                                      bank11       00000
__Hbank12                                      bank12       00000
__Hbank13                                      bank13       00000
__Hbank14                                      bank14       00000
__Hbank15                                      bank15       00000
__Hbank16                                      bank16       00000
__Hbank17                                      bank17       00000
__Hbank18                                      bank18       00000
__Hbank19                                      bank19       00000
__Hbank2                                       bank2        00000
__Hbank20                                      bank20       00000
__Hbank21                                      bank21       00000
__Hbank22                                      bank22       00000
__Hbank23                                      bank23       00000
__Hbank24                                      bank24       00000
__Hbank25                                      bank25       00000
__Hbank26                                      bank26       00000
__Hbank27                                      bank27       00000
__Hbank28                                      bank28       00000
__Hbank29                                      bank29       00000
__Hbank3                                       bank3        00000
__Hbank30                                      bank30       00000
__Hbank31                                      bank31       00000
__Hbank4                                       bank4        00000
__Hbank5                                       bank5        00000
__Hbank6                                       bank6        00000
__Hbank7                                       bank7        00000
__Hbank8                                       bank8        00000
__Hbank9                                       bank9        00000
__Hbigram                                      bigram       00000
__HbssBANK0                                    bssBANK0     00000
__HbssBANK1                                    bssBANK1     00000
__Hcinit                                       cinit        00070
__Hclrtext                                     clrtext      00000
__Hcode                                        code         00000
__Hcommon                                      common       00000
__Hconfig                                      config       08009
__HcstackBANK0                                 cstackBANK0  00000
__HcstackBANK1                                 cstackBANK1  00000
__HcstackCOMMON                                cstackCOMMON 00000
__HdataBANK0                                   dataBANK0    00000
__Heeprom_data                                 eeprom_data  00000
__Hend_init                                    end_init     00058
__Hfunctab                                     functab      00000
__Hheap                                        heap         00000
__HidataBANK0                                  idataBANK0   00000
__Hidloc                                       idloc        08004
__Hinit                                        init         00056
__Hintentry                                    intentry     00056
__Hmaintext                                    maintext     00000
__HnvBANK0                                     nvBANK0      00000
__HnvBANK1                                     nvBANK1      00000
__Hpowerup                                     powerup      00000
__Hram                                         ram          00000
__Hreset_vec                                   reset_vec    00002
__Hsfr0                                        sfr0         00000
__Hsfr1                                        sfr1         00000
__Hsfr10                                       sfr10        00000
__Hsfr11                                       sfr11        00000
__Hsfr12                                       sfr12        00000
__Hsfr13                                       sfr13        00000
__Hsfr14                                       sfr14        00000
__Hsfr15                                       sfr15        00000
__Hsfr16                                       sfr16        00000
__Hsfr17                                       sfr17        00000
__Hsfr18                                       sfr18        00000
__Hsfr19                                       sfr19        00000
__Hsfr2                                        sfr2         00000
__Hsfr20                                       sfr20        00000
__Hsfr21                                       sfr21        00000
__Hsfr22                                       sfr22        00000
__Hsfr23                                       sfr23        00000
__Hsfr24                                       sfr24        00000
__Hsfr25                                       sfr25        00000
__Hsfr26                                       sfr26        00000
__Hsfr27                                       sfr27        00000
__Hsfr28                                       sfr28        00000
__Hsfr29                                       sfr29        00000
__Hsfr3                                        sfr3         00000
__Hsfr30                                       sfr30        00000
__Hsfr31                                       sfr31        00000
__Hsfr4                                        sfr4         00000
__Hsfr5                                        sfr5         00000
__Hsfr6                                        sfr6         00000
__Hsfr7                                        sfr7         00000
__Hsfr8                                        sfr8         00000
__Hsfr9                                        sfr9         00000
__Hspace_0                                     (abs)        01000
__Hspace_1                                     (abs)        000BF
__Hspace_2                                     (abs)        00000
__Hspace_3                                     (abs)        00000
__Hspace_4                                     (abs)        10010
__Hstack                                       stack        00000
__Hstrings                                     strings      00000
__Hstringtext1                                 stringtext1  00000
__Hstringtext2                                 stringtext2  00000
__Htext                                        text         00000
__Labs1                                        abs1         00000
__Lbank0                                       bank0        00000
__Lbank1                                       bank1        00000
__Lbank10                                      bank10       00000
__Lbank11                                      bank11       00000
__Lbank12                                      bank12       00000
__Lbank13                                      bank13       00000
__Lbank14                                      bank14       00000
__Lbank15                                      bank15       00000
__Lbank16                                      bank16       00000
__Lbank17                                      bank17       00000
__Lbank18                                      bank18       00000
__Lbank19                                      bank19       00000
__Lbank2                                       bank2        00000
__Lbank20                                      bank20       00000
__Lbank21                                      bank21       00000
__Lbank22                                      bank22       00000
__Lbank23                                      bank23       00000
__Lbank24                                      bank24       00000
__Lbank25                                      bank25       00000
__Lbank26                                      bank26       00000
__Lbank27                                      bank27       00000
__Lbank28                                      bank28       00000
__Lbank29                                      bank29       00000
__Lbank3                                       bank3        00000
__Lbank30                                      bank30       00000
__Lbank31                                      bank31       00000
__Lbank4                                       bank4        00000
__Lbank5                                       bank5        00000
__Lbank6                                       bank6        00000
__Lbank7                                       bank7        00000
__Lbank8                                       bank8        00000
__Lbank9                                       bank9        00000
__Lbigram                                      bigram       00000
__LbssBANK0                                    bssBANK0     00000
__LbssBANK1                                    bssBANK1     00000
__Lcinit                                       cinit        00058
__Lclrtext                                     clrtext      00000
__Lcode                                        code         00000
__Lcommon                                      common       00000
__Lconfig                                      config       00000
__LcstackBANK0                                 cstackBANK0  00000
__LcstackBANK1                                 cstackBANK1  00000
__LcstackCOMMON                                cstackCOMMON 00000
__LdataBANK0                                   dataBANK0    00000
__Leeprom_data                                 eeprom_data  00000
__Lend_init                                    end_init     00056
__Lfunctab                                     functab      00000
__Lheap                                        heap         00000
__LidataBANK0                                  idataBANK0   00000
__Lidloc                                       idloc        00000
__Linit                                        init         00056
__Lintentry                                    intentry     00004
__Lmaintext                                    maintext     00000
__LnvBANK0                                     nvBANK0      00000
__LnvBANK1                                     nvBANK1      00000
__Lpowerup                                     powerup      00000
__Lram                                         ram          00000
__Lreset_vec                                   reset_vec    00000
__Lsfr0                                        sfr0         00000
__Lsfr1                                        sfr1         00000
__Lsfr10                                       sfr10        00000
__Lsfr11                                       sfr11        00000
__Lsfr12                                       sfr12        00000
__Lsfr13                                       sfr13        00000
__Lsfr14                                       sfr14        00000
__Lsfr15                                       sfr15        00000
__Lsfr16                                       sfr16        00000
__Lsfr17                                       sfr17        00000
__Lsfr18                                       sfr18        00000
__Lsfr19                                       sfr19        00000
__Lsfr2                                        sfr2         00000
__Lsfr20                                       sfr20        00000
__Lsfr21                                       sfr21        00000
__Lsfr22                                       sfr22        00000
__Lsfr23                                       sfr23        00000
__Lsfr24                                       sfr24        00000
__Lsfr25                                       sfr25        00000
__Lsfr26                                       sfr26        00000
__Lsfr27                                       sfr27        00000
__Lsfr28                                       sfr28        00000
__Lsfr29                                       sfr29        00000
__Lsfr3                                        sfr3         00000
__Lsfr30                                       sfr30        00000
__Lsfr31                                       sfr31        00000
__Lsfr4                                        sfr4         00000
__Lsfr5                                        sfr5         00000
__Lsfr6                                        sfr6         00000
__Lsfr7                                        sfr7         00000
__Lsfr8                                        sfr8         00000
__Lsfr9                                        sfr9         00000
__Lspace_0                                     (abs)        00000
__Lspace_1                                     (abs)        00000
__Lspace_2                                     (abs)        00000
__Lspace_3                                     (abs)        00000
__Lspace_4                                     (abs)        00000
__Lstack                                       stack        00000
__Lstrings                                     strings      00000
__Lstringtext1                                 stringtext1  00000
__Lstringtext2                                 stringtext2  00000
__Ltext                                        text         00000
__S0                                           (abs)        01000
__S1                                           (abs)        000BF
__S3                                           (abs)        00000
__Umul8_16                                     text45       00EC3
__Umul8_16@multiplicand                        cstackCOMMON 00070
__Umul8_16@multiplier                          cstackCOMMON 00078
__Umul8_16@product                             cstackCOMMON 00074
__Umul8_16@word_mpld                           cstackCOMMON 00076
___flmul                                       text44       00070
___flmul@a                                     cstackBANK0  00024
___flmul@aexp                                  cstackBANK0  0002D
___flmul@b                                     cstackBANK0  00020
___flmul@bexp                                  cstackBANK0  0002E
___flmul@grs                                   cstackBANK0  00029
___flmul@prod                                  cstackBANK0  0002F
___flmul@sign                                  cstackBANK0  00028
___flmul@temp                                  cstackBANK0  00033
___fltol                                       text43       0070E
___fltol@exp1                                  cstackBANK0  0003F
___fltol@f1                                    cstackBANK0  00035
___fltol@sign1                                 cstackBANK0  0003E
___heap_hi                                     (abs)        00000
___heap_lo                                     (abs)        00000
___int_sp                                      stack        00000
___latbits                                     (abs)        00001
___sp                                          stack        00000
___stackhi                                     (abs)        00000
___stacklo                                     (abs)        00000
___wmul                                        text42       00EA4
___wmul@multiplicand                           cstackCOMMON 00076
___wmul@multiplier                             cstackCOMMON 00074
___wmul@product                                cstackCOMMON 00078
__end_of_ADC_GetConversion                     text47       007FF
__end_of_ADC_Initialize                        text27       00D3E
__end_of_CCP4_CaptureISR                       text62       00E46
__end_of_CCP4_DefaultCallBack                  text63       00CD8
__end_of_CCP4_Initialize                       text25       00DF8
__end_of_CCP4_SetCallBack                      text26       00D05
__end_of_CMP1_ISR                              text57       00CF9
__end_of_CMP1_Initialize                       text24       00D82
__end_of_CMP2_ISR                              text55       00CFF
__end_of_CMP2_Initialize                       text23       00D8E
__end_of_EUSART_Initialize                     text19       00F0B
__end_of_EUSART_Read                           text29       00DD5
__end_of_EUSART_SetErrorHandler                text22       00D0B
__end_of_EUSART_SetFramingErrorHandler         text21       00D11
__end_of_EUSART_SetOverrunErrorHandler         text20       00D17
__end_of_EUSART_Write                          text46       00D6B
__end_of_EUSART_is_rx_ready                    text28       00CF3
__end_of_FVR_Initialize                        text18       00CE5
__end_of_INTERRUPT_InterruptManager            intentry     00056
__end_of_IOCBF0_DefaultInterruptHandler        text53       00CD9
__end_of_IOCBF0_ISR                            text52       00DB7
__end_of_IOCBF0_SetInterruptHandler            text16       00D4F
__end_of_IOCBF3_DefaultInterruptHandler        text50       00CDA
__end_of_IOCBF3_ISR                            text49       00DC6
__end_of_IOCBF3_SetInterruptHandler            text15       00D58
__end_of_OSCILLATOR_Initialize                 text17       00D36
__end_of_PIN_MANAGER_IOC                       text48       00DE6
__end_of_PIN_MANAGER_Initialize                text14       00F6A
__end_of_PWM3_Initialize                       text13       00D61
__end_of_PWM3_LoadDutyValue                    text61       00E73
__end_of_SPI1_Initialize                       text12       00D76
__end_of_SYSTEM_Initialize                     text4        00F39
__end_of_TMR0_CallBack                         text37       00D9B
__end_of_TMR0_DefaultInterruptHandler          text38       00CDB
__end_of_TMR0_ISR                              text36       00E8B
__end_of_TMR0_Initialize                       text10       00EA4
__end_of_TMR0_SetInterruptHandler              text11       00D1D
__end_of_TMR1_Initialize                       text9        00E0A
__end_of_TMR2_Initialize                       text8        00D46
__end_of_TMR4_CallBack                         text32       00DA8
__end_of_TMR4_DefaultInterruptHandler          text33       00003
__end_of_TMR4_ISR                              text31       00E5C
__end_of_TMR4_Initialize                       text6        00E1D
__end_of_TMR4_SetInterruptHandler              text7        00D23
__end_of_TMR4_StartTimer                       text60       00CDE
__end_of_TMR4_StopTimer                        text35       00CE1
__end_of_TMR4_WriteTimer                       text2        00D29
__end_of_WDT_Initialize                        text5        00CE9
__end_of__Umul8_16                             text45       00EE6
__end_of___flmul                               text44       002C7
__end_of___fltol                               text43       00783
__end_of___wmul                                text42       00EC3
__end_of__initialization                       cinit        0006C
__end_of_bin2bcd                               text40       0058E
__end_of_chegadaS1                             text54       01000
__end_of_chegadaS2                             text51       0070E
__end_of_chegadaS3                             text58       00694
__end_of_chegadaS4                             text56       00611
__end_of_controleMovimento                     text34       007E5
__end_of_isValidFloor                          text3        00E30
__end_of_main                                  maintext     004FC
__end_of_matrix_conf                           stringtext1  0080B
__end_of_memset                                text41       0045A
__end_of_organizaTrajeto                       text1        00FB2
__end_of_sendInfo                              text39       003B6
__end_of_spi1_configuration                    stringtext2  0080F
__end_ofi1_TMR4_WriteTimer                     text59       00CEE
__initialization                               cinit        00058
__pbssBANK0                                    bssBANK0     00046
__pbssBANK1                                    bssBANK1     000AE
__pcstackBANK0                                 cstackBANK0  00020
__pcstackBANK1                                 cstackBANK1  000B8
__pcstackCOMMON                                cstackCOMMON 00070
__pdataBANK0                                   dataBANK0    0006B
__pidataBANK0                                  idataBANK0   00003
__pintentry                                    intentry     00004
__pmaintext                                    maintext     0045A
__pnvBANK0                                     nvBANK0      00066
__pnvBANK1                                     nvBANK1      000A0
__pstringtext1                                 stringtext1  007FF
__pstringtext2                                 stringtext2  0080B
__ptext1                                       text1        00F6A
__ptext10                                      text10       00E8B
__ptext11                                      text11       00D17
__ptext12                                      text12       00D6B
__ptext13                                      text13       00D58
__ptext14                                      text14       00F39
__ptext15                                      text15       00D4F
__ptext16                                      text16       00D46
__ptext17                                      text17       00D2F
__ptext18                                      text18       00CE1
__ptext19                                      text19       00EE6
__ptext2                                       text2        00D23
__ptext20                                      text20       00D11
__ptext21                                      text21       00D0B
__ptext22                                      text22       00D05
__ptext23                                      text23       00D82
__ptext24                                      text24       00D76
__ptext25                                      text25       00DE6
__ptext26                                      text26       00CFF
__ptext27                                      text27       00D36
__ptext28                                      text28       00CEE
__ptext29                                      text29       00DC6
__ptext3                                       text3        00E1D
__ptext31                                      text31       00E46
__ptext32                                      text32       00D9B
__ptext33                                      text33       00002
__ptext34                                      text34       00783
__ptext35                                      text35       00CDE
__ptext36                                      text36       00E73
__ptext37                                      text37       00D8E
__ptext38                                      text38       00CDA
__ptext39                                      text39       002C7
__ptext4                                       text4        00F0B
__ptext40                                      text40       004FC
__ptext41                                      text41       003B6
__ptext42                                      text42       00EA4
__ptext43                                      text43       0070E
__ptext44                                      text44       00070
__ptext45                                      text45       00EC3
__ptext46                                      text46       00D61
__ptext47                                      text47       007E5
__ptext48                                      text48       00DD5
__ptext49                                      text49       00DB7
__ptext5                                       text5        00CE5
__ptext50                                      text50       00CD9
__ptext51                                      text51       00694
__ptext52                                      text52       00DA8
__ptext53                                      text53       00CD8
__ptext54                                      text54       00FB2
__ptext55                                      text55       00CF9
__ptext56                                      text56       0058E
__ptext57                                      text57       00CF3
__ptext58                                      text58       00611
__ptext59                                      text59       00CE9
__ptext6                                       text6        00E0A
__ptext60                                      text60       00CDB
__ptext61                                      text61       00E5C
__ptext62                                      text62       00E30
__ptext63                                      text63       00CD7
__ptext7                                       text7        00D1D
__ptext8                                       text8        00D3E
__ptext9                                       text9        00DF8
_altura                                        bssBANK0     00060
_andarAtual                                    bssBANK0     00061
_bin2bcd                                       text40       004FC
_chegadaS1                                     text54       00FB2
_chegadaS2                                     text51       00694
_chegadaS3                                     text58       00611
_chegadaS4                                     text56       0058E
_contComandos                                  bssBANK1     000B2
_controleMovimento                             text34       00783
_dTemp                                         bssBANK1     000B0
_destino                                       bssBANK1     000B6
_destinoDesc                                   bssBANK1     000AE
_destinoSub                                    bssBANK1     000AF
_eusartRxLastError                             bssBANK0     0005F
_flag                                          bssBANK0     00062
_isValidFloor                                  text3        00E1D
_isValidFloor$1560                             cstackBANK1  000B8
_main                                          maintext     0045A
_matrix_conf                                   stringtext1  007FF
_memset                                        text41       003B6
_mov                                           bssBANK1     000B4
_oTemp                                         bssBANK1     000B1
_organizaTrajeto                               text1        00F6A
_origem                                        bssBANK1     000B7
_pulsoEncoder                                  bssBANK0     00063
_rxValue                                       bssBANK1     000B3
_sendInfo                                      text39       002C7
_spi1_configuration                            stringtext2  0080B
_state                                         bssBANK1     000B5
_subindo                                       dataBANK0    0006B
_t1                                            bssBANK0     0005C
_t2                                            bssBANK0     0005A
_temperatura                                   bssBANK0     00058
_timer0ReloadVal                               nvBANK0      0006A
_timer1ReloadVal                               nvBANK1      000A6
_velocidadeMotor                               bssBANK0     0004E
bin2bcd@binVal                                 cstackCOMMON 0007A
bin2bcd@dataU                                  cstackBANK0  00025
bin2bcd@i                                      cstackBANK0  00024
btemp                                          (abs)        0007E
clear_ram0                                     clrtext      00D29
controleMovimento@cont                         bssBANK0     0005E
end_of_initialization                          cinit        0006C
i1TMR4_WriteTimer@timerVal                     cstackCOMMON 00070
i1_TMR4_WriteTimer                             text59       00CE9
int$flags                                      (abs)        0007E
intlevel0                                      functab      00000
intlevel1                                      functab      00000
intlevel2                                      functab      00000
intlevel3                                      functab      00000
intlevel4                                      functab      00000
intlevel5                                      functab      00000
isValidFloor@floor                             cstackBANK1  000B9
memset@c                                       cstackCOMMON 00070
memset@dest                                    cstackCOMMON 00078
memset@k                                       cstackCOMMON 00076
memset@n                                       cstackCOMMON 00072
memset@s                                       cstackCOMMON 00079
organizaTrajeto@mascaraDestino                 cstackBANK1  000BC
organizaTrajeto@mascaraOrigem                  cstackBANK1  000BB
reset_vec                                      reset_vec    00000
sendInfo@bcd                                   cstackBANK0  00044
sendInfo@velocidade                            cstackBANK0  00042
start                                          init         00056
start_initialization                           cinit        00058
wtemp0                                         (abs)        0007E


MODULE INFORMATION

Module		Function		Class		Link	Load	Size
mcc_generated_files/cmp1.c
		_CMP1_ISR      		CODE           	0CF3	0000	6
		_CMP1_Initialize		CODE           	0D76	0000	12

mcc_generated_files/cmp1.c estimated size: 18

mcc_generated_files/fvr.c
		_FVR_Initialize		CODE           	0CE1	0000	4

mcc_generated_files/fvr.c estimated size: 4

C:\Program Files\Microchip\xc8\v2.36\pic\sources\c99\common\sprcmul.c
		___flmul       		CODE           	0070	0000	599

C:\Program Files\Microchip\xc8\v2.36\pic\sources\c99\common\sprcmul.c estimated size: 599

mcc_generated_files/tmr4.c
		_TMR4_ISR      		CODE           	0E46	0000	22
		_TMR4_Initialize		CODE           	0E0A	0000	19
		_TMR4_SetInterruptHandler		CODE           	0D1D	0000	6
		_TMR4_StopTimer		CODE           	0CDE	0000	3
		_TMR4_DefaultInterruptHandler		CODE           	0002	0000	1
		_TMR4_CallBack 		CODE           	0D9B	0000	13
		_TMR4_WriteTimer		CODE           	0D23	0000	6
		_TMR4_StartTimer		CODE           	0CDB	0000	3

mcc_generated_files/tmr4.c estimated size: 73

mcc_generated_files/tmr2.c
		_TMR2_Initialize		CODE           	0D3E	0000	8

mcc_generated_files/tmr2.c estimated size: 8

mcc_generated_files/interrupt_manager.c
		_INTERRUPT_InterruptManager		CODE           	0004	0000	82

mcc_generated_files/interrupt_manager.c estimated size: 82

mcc_generated_files/tmr0.c
		_TMR0_SetInterruptHandler		CODE           	0D17	0000	6
		_TMR0_DefaultInterruptHandler		CODE           	0CDA	0000	1
		_TMR0_CallBack 		CODE           	0D8E	0000	13
		_TMR0_ISR      		CODE           	0E73	0000	24
		_TMR0_Initialize		CODE           	0E8B	0000	25

mcc_generated_files/tmr0.c estimated size: 69

mcc_generated_files/pin_manager.c
		_IOCBF3_DefaultInterruptHandler		CODE           	0CD9	0000	1
		_IOCBF0_ISR    		CODE           	0DA8	0000	15
		_PIN_MANAGER_Initialize		CODE           	0F39	0000	49
		_IOCBF3_ISR    		CODE           	0DB7	0000	15
		_IOCBF0_SetInterruptHandler		CODE           	0D46	0000	9
		_IOCBF3_SetInterruptHandler		CODE           	0D4F	0000	9
		_PIN_MANAGER_IOC		CODE           	0DD5	0000	17
		_IOCBF0_DefaultInterruptHandler		CODE           	0CD8	0000	1

mcc_generated_files/pin_manager.c estimated size: 116

mcc_generated_files/spi1.c
		_SPI1_Initialize		CODE           	0D6B	0000	11

mcc_generated_files/spi1.c estimated size: 11

C:\Program Files\Microchip\xc8\v2.36\pic\sources\c99\common\Umul8_16.c
		__Umul8_16     		CODE           	0EC3	0000	35

C:\Program Files\Microchip\xc8\v2.36\pic\sources\c99\common\Umul8_16.c estimated size: 35

mcc_generated_files/ccp4.c
		_CCP4_SetCallBack		CODE           	0CFF	0000	6
		_CCP4_CaptureISR		CODE           	0E30	0000	22
		_CCP4_DefaultCallBack		CODE           	0CD7	0000	1
		_CCP4_Initialize		CODE           	0DE6	0000	18

mcc_generated_files/ccp4.c estimated size: 47

mcc_generated_files/adc.c
		_ADC_Initialize		CODE           	0D36	0000	8
		_ADC_GetConversion		CODE           	07E5	0000	26

mcc_generated_files/adc.c estimated size: 34

C:\Program Files\Microchip\xc8\v2.36\pic\sources\c99\common\memset.c
		_memset        		CODE           	03B6	0000	164

C:\Program Files\Microchip\xc8\v2.36\pic\sources\c99\common\memset.c estimated size: 164

mcc_generated_files/cmp2.c
		_CMP2_ISR      		CODE           	0CF9	0000	6
		_CMP2_Initialize		CODE           	0D82	0000	12

mcc_generated_files/cmp2.c estimated size: 18

C:\Program Files\Microchip\xc8\v2.36\pic\sources\c99\common\fltol.c
		___fltol       		CODE           	070E	0000	117

C:\Program Files\Microchip\xc8\v2.36\pic\sources\c99\common\fltol.c estimated size: 117

shared
		__initialization		CODE           	0058	0000	20
		i1_TMR4_WriteTimer		CODE           	0CE9	0000	5
		_matrix_conf   		STRCODE        	07FF	0000	12
		_spi1_configuration		STRCODE        	080B	0000	4

shared estimated size: 41

mcc_generated_files/mcc.c
		_WDT_Initialize		CODE           	0CE5	0000	4
		_OSCILLATOR_Initialize		CODE           	0D2F	0000	7
		_SYSTEM_Initialize		CODE           	0F0B	0000	46

mcc_generated_files/mcc.c estimated size: 57

mcc_generated_files/pwm3.c
		_PWM3_Initialize		CODE           	0D58	0000	9
		_PWM3_LoadDutyValue		CODE           	0E5C	0000	23

mcc_generated_files/pwm3.c estimated size: 32

mcc_generated_files/tmr1.c
		_TMR1_Initialize		CODE           	0DF8	0000	18

mcc_generated_files/tmr1.c estimated size: 18

bin2bcd.c
		_bin2bcd       		CODE           	04FC	0000	146

bin2bcd.c estimated size: 146

mcc_generated_files/eusart.c
		_EUSART_Read   		CODE           	0DC6	0000	15
		_EUSART_Write  		CODE           	0D61	0000	10
		_EUSART_Initialize		CODE           	0EE6	0000	37
		_EUSART_SetFramingErrorHandler		CODE           	0D0B	0000	6
		_EUSART_SetErrorHandler		CODE           	0D05	0000	6
		_EUSART_SetOverrunErrorHandler		CODE           	0D11	0000	6
		_EUSART_is_rx_ready		CODE           	0CEE	0000	5

mcc_generated_files/eusart.c estimated size: 85

main.c
		_organizaTrajeto		CODE           	0F6A	0000	72
		_isValidFloor  		CODE           	0E1D	0000	19
		_main          		CODE           	045A	0000	162
		_sendInfo      		CODE           	02C7	0000	239
		_chegadaS1     		CODE           	0FB2	0000	78
		_chegadaS2     		CODE           	0694	0000	122
		_chegadaS3     		CODE           	0611	0000	131
		_chegadaS4     		CODE           	058E	0000	131
		_controleMovimento		CODE           	0783	0000	98

main.c estimated size: 1052

C:\Program Files\Microchip\xc8\v2.36\pic\sources\c99\common\Umul16.c
		___wmul        		CODE           	0EA4	0000	31

C:\Program Files\Microchip\xc8\v2.36\pic\sources\c99\common\Umul16.c estimated size: 31

